Archive member included to satisfy reference by file (symbol)

c:/st/stm32cubeide_1.3.0/stm32cubeide/plugins/com.st.stm32cube.ide.mcu.externaltools.gnu-tools-for-stm32.7-2018-q2-update.win32_1.0.0.201904181610/tools/bin/../lib/gcc/arm-none-eabi/7.3.1/../../../../arm-none-eabi/lib/thumb/v7-m\libc_nano.a(lib_a-errno.o)
                              Core/Src/syscalls.o (__errno)
c:/st/stm32cubeide_1.3.0/stm32cubeide/plugins/com.st.stm32cube.ide.mcu.externaltools.gnu-tools-for-stm32.7-2018-q2-update.win32_1.0.0.201904181610/tools/bin/../lib/gcc/arm-none-eabi/7.3.1/../../../../arm-none-eabi/lib/thumb/v7-m\libc_nano.a(lib_a-exit.o)
                              c:/st/stm32cubeide_1.3.0/stm32cubeide/plugins/com.st.stm32cube.ide.mcu.externaltools.gnu-tools-for-stm32.7-2018-q2-update.win32_1.0.0.201904181610/tools/bin/../lib/gcc/arm-none-eabi/7.3.1/../../../../arm-none-eabi/lib/thumb/v7-m/crt0.o (exit)
c:/st/stm32cubeide_1.3.0/stm32cubeide/plugins/com.st.stm32cube.ide.mcu.externaltools.gnu-tools-for-stm32.7-2018-q2-update.win32_1.0.0.201904181610/tools/bin/../lib/gcc/arm-none-eabi/7.3.1/../../../../arm-none-eabi/lib/thumb/v7-m\libc_nano.a(lib_a-impure.o)
                              c:/st/stm32cubeide_1.3.0/stm32cubeide/plugins/com.st.stm32cube.ide.mcu.externaltools.gnu-tools-for-stm32.7-2018-q2-update.win32_1.0.0.201904181610/tools/bin/../lib/gcc/arm-none-eabi/7.3.1/../../../../arm-none-eabi/lib/thumb/v7-m\libc_nano.a(lib_a-exit.o) (_global_impure_ptr)
c:/st/stm32cubeide_1.3.0/stm32cubeide/plugins/com.st.stm32cube.ide.mcu.externaltools.gnu-tools-for-stm32.7-2018-q2-update.win32_1.0.0.201904181610/tools/bin/../lib/gcc/arm-none-eabi/7.3.1/../../../../arm-none-eabi/lib/thumb/v7-m\libc_nano.a(lib_a-init.o)
                              c:/st/stm32cubeide_1.3.0/stm32cubeide/plugins/com.st.stm32cube.ide.mcu.externaltools.gnu-tools-for-stm32.7-2018-q2-update.win32_1.0.0.201904181610/tools/bin/../lib/gcc/arm-none-eabi/7.3.1/../../../../arm-none-eabi/lib/thumb/v7-m/crt0.o (__libc_init_array)
c:/st/stm32cubeide_1.3.0/stm32cubeide/plugins/com.st.stm32cube.ide.mcu.externaltools.gnu-tools-for-stm32.7-2018-q2-update.win32_1.0.0.201904181610/tools/bin/../lib/gcc/arm-none-eabi/7.3.1/../../../../arm-none-eabi/lib/thumb/v7-m\libc_nano.a(lib_a-memset.o)
                              c:/st/stm32cubeide_1.3.0/stm32cubeide/plugins/com.st.stm32cube.ide.mcu.externaltools.gnu-tools-for-stm32.7-2018-q2-update.win32_1.0.0.201904181610/tools/bin/../lib/gcc/arm-none-eabi/7.3.1/../../../../arm-none-eabi/lib/thumb/v7-m/crt0.o (memset)

Allocating common symbols
Common symbol       size              file

hUsbDeviceFS        0x2c4             USB_DEVICE/App/usb_device.o
uwTick              0x4               Drivers/STM32F1xx_HAL_Driver/Src/stm32f1xx_hal.o
pFlash              0x20              Drivers/STM32F1xx_HAL_Driver/Src/stm32f1xx_hal_flash.o
HID_Buffer          0x4               Core/Src/main.o
hadc1               0x30              Core/Src/adc.o
huart1              0x40              Core/Src/usart.o
htim2               0x40              Core/Src/tim.o
huart2              0x40              Core/Src/usart.o
hpcd_USB_FS         0x26c             USB_DEVICE/Target/usbd_conf.o
USBD_StrDesc        0x200             USB_DEVICE/App/usbd_desc.o

Discarded input sections

 .text          0x0000000000000000        0x0 c:/st/stm32cubeide_1.3.0/stm32cubeide/plugins/com.st.stm32cube.ide.mcu.externaltools.gnu-tools-for-stm32.7-2018-q2-update.win32_1.0.0.201904181610/tools/bin/../lib/gcc/arm-none-eabi/7.3.1/thumb/v7-m/crti.o
 .data          0x0000000000000000        0x0 c:/st/stm32cubeide_1.3.0/stm32cubeide/plugins/com.st.stm32cube.ide.mcu.externaltools.gnu-tools-for-stm32.7-2018-q2-update.win32_1.0.0.201904181610/tools/bin/../lib/gcc/arm-none-eabi/7.3.1/thumb/v7-m/crti.o
 .bss           0x0000000000000000        0x0 c:/st/stm32cubeide_1.3.0/stm32cubeide/plugins/com.st.stm32cube.ide.mcu.externaltools.gnu-tools-for-stm32.7-2018-q2-update.win32_1.0.0.201904181610/tools/bin/../lib/gcc/arm-none-eabi/7.3.1/thumb/v7-m/crti.o
 .data          0x0000000000000000        0x4 c:/st/stm32cubeide_1.3.0/stm32cubeide/plugins/com.st.stm32cube.ide.mcu.externaltools.gnu-tools-for-stm32.7-2018-q2-update.win32_1.0.0.201904181610/tools/bin/../lib/gcc/arm-none-eabi/7.3.1/thumb/v7-m/crtbegin.o
 .text          0x0000000000000000       0x74 c:/st/stm32cubeide_1.3.0/stm32cubeide/plugins/com.st.stm32cube.ide.mcu.externaltools.gnu-tools-for-stm32.7-2018-q2-update.win32_1.0.0.201904181610/tools/bin/../lib/gcc/arm-none-eabi/7.3.1/../../../../arm-none-eabi/lib/thumb/v7-m/crt0.o
 .data          0x0000000000000000        0x0 c:/st/stm32cubeide_1.3.0/stm32cubeide/plugins/com.st.stm32cube.ide.mcu.externaltools.gnu-tools-for-stm32.7-2018-q2-update.win32_1.0.0.201904181610/tools/bin/../lib/gcc/arm-none-eabi/7.3.1/../../../../arm-none-eabi/lib/thumb/v7-m/crt0.o
[...]
Memory Configuration

Name             Origin             Length             Attributes
RAM              0x0000000020000000 0x0000000000004000 xrw
FLASH            0x0000000008000000 0x0000000000020000 xr
*default*        0x0000000000000000 0xffffffffffffffff

Linker script and memory map

LOAD c:/st/stm32cubeide_1.3.0/stm32cubeide/plugins/com.st.stm32cube.ide.mcu.externaltools.gnu-tools-for-stm32.7-2018-q2-update.win32_1.0.0.201904181610/tools/bin/../lib/gcc/arm-none-eabi/7.3.1/thumb/v7-m/crti.o
LOAD c:/st/stm32cubeide_1.3.0/stm32cubeide/plugins/com.st.stm32cube.ide.mcu.externaltools.gnu-tools-for-stm32.7-2018-q2-update.win32_1.0.0.201904181610/tools/bin/../lib/gcc/arm-none-eabi/7.3.1/thumb/v7-m/crtbegin.o
LOAD c:/st/stm32cubeide_1.3.0/stm32cubeide/plugins/com.st.stm32cube.ide.mcu.externaltools.gnu-tools-for-stm32.7-2018-q2-update.win32_1.0.0.201904181610/tools/bin/../lib/gcc/arm-none-eabi/7.3.1/../../../../arm-none-eabi/lib/thumb/v7-m/crt0.o
LOAD Core/Src/adc.o
LOAD Core/Src/gpio.o
LOAD Core/Src/main.o
LOAD Core/Src/stm32f1xx_hal_msp.o
LOAD Core/Src/stm32f1xx_it.o
LOAD Core/Src/syscalls.o
LOAD Core/Src/sysmem.o
LOAD Core/Src/system_stm32f1xx.o
LOAD Core/Src/tim.o
LOAD Core/Src/usart.o
LOAD Core/Startup/startup_stm32f102rbtx.o
LOAD Drivers/STM32F1xx_HAL_Driver/Src/stm32f1xx_hal.o
LOAD Drivers/STM32F1xx_HAL_Driver/Src/stm32f1xx_hal_adc.o
LOAD Drivers/STM32F1xx_HAL_Driver/Src/stm32f1xx_hal_adc_ex.o
LOAD Drivers/STM32F1xx_HAL_Driver/Src/stm32f1xx_hal_cortex.o
LOAD Drivers/STM32F1xx_HAL_Driver/Src/stm32f1xx_hal_dma.o
LOAD Drivers/STM32F1xx_HAL_Driver/Src/stm32f1xx_hal_exti.o
LOAD Drivers/STM32F1xx_HAL_Driver/Src/stm32f1xx_hal_flash.o
LOAD Drivers/STM32F1xx_HAL_Driver/Src/stm32f1xx_hal_flash_ex.o
LOAD Drivers/STM32F1xx_HAL_Driver/Src/stm32f1xx_hal_gpio.o
LOAD Drivers/STM32F1xx_HAL_Driver/Src/stm32f1xx_hal_gpio_ex.o
LOAD Drivers/STM32F1xx_HAL_Driver/Src/stm32f1xx_hal_pcd.o
LOAD Drivers/STM32F1xx_HAL_Driver/Src/stm32f1xx_hal_pcd_ex.o
LOAD Drivers/STM32F1xx_HAL_Driver/Src/stm32f1xx_hal_pwr.o
LOAD Drivers/STM32F1xx_HAL_Driver/Src/stm32f1xx_hal_rcc.o
LOAD Drivers/STM32F1xx_HAL_Driver/Src/stm32f1xx_hal_rcc_ex.o
LOAD Drivers/STM32F1xx_HAL_Driver/Src/stm32f1xx_hal_tim.o
LOAD Drivers/STM32F1xx_HAL_Driver/Src/stm32f1xx_hal_tim_ex.o
LOAD Drivers/STM32F1xx_HAL_Driver/Src/stm32f1xx_hal_uart.o
LOAD Drivers/STM32F1xx_HAL_Driver/Src/stm32f1xx_ll_usb.o
LOAD Middlewares/ST/STM32_USB_Device_Library/Class/HID/Src/usbd_hid.o
LOAD Middlewares/ST/STM32_USB_Device_Library/Core/Src/usbd_core.o
LOAD Middlewares/ST/STM32_USB_Device_Library/Core/Src/usbd_ctlreq.o
LOAD Middlewares/ST/STM32_USB_Device_Library/Core/Src/usbd_ioreq.o
LOAD USB_DEVICE/App/usb_device.o
LOAD USB_DEVICE/App/usbd_desc.o
LOAD USB_DEVICE/Target/usbd_conf.o
START GROUP
LOAD c:/st/stm32cubeide_1.3.0/stm32cubeide/plugins/com.st.stm32cube.ide.mcu.externaltools.gnu-tools-for-stm32.7-2018-q2-update.win32_1.0.0.201904181610/tools/bin/../lib/gcc/arm-none-eabi/7.3.1/../../../../arm-none-eabi/lib/thumb/v7-m\libc_nano.a
LOAD c:/st/stm32cubeide_1.3.0/stm32cubeide/plugins/com.st.stm32cube.ide.mcu.externaltools.gnu-tools-for-stm32.7-2018-q2-update.win32_1.0.0.201904181610/tools/bin/../lib/gcc/arm-none-eabi/7.3.1/../../../../arm-none-eabi/lib/thumb/v7-m\libm.a
END GROUP
START GROUP
LOAD c:/st/stm32cubeide_1.3.0/stm32cubeide/plugins/com.st.stm32cube.ide.mcu.externaltools.gnu-tools-for-stm32.7-2018-q2-update.win32_1.0.0.201904181610/tools/bin/../lib/gcc/arm-none-eabi/7.3.1/thumb/v7-m\libgcc.a
LOAD c:/st/stm32cubeide_1.3.0/stm32cubeide/plugins/com.st.stm32cube.ide.mcu.externaltools.gnu-tools-for-stm32.7-2018-q2-update.win32_1.0.0.201904181610/tools/bin/../lib/gcc/arm-none-eabi/7.3.1/../../../../arm-none-eabi/lib/thumb/v7-m\libc_nano.a
END GROUP
START GROUP
LOAD c:/st/stm32cubeide_1.3.0/stm32cubeide/plugins/com.st.stm32cube.ide.mcu.externaltools.gnu-tools-for-stm32.7-2018-q2-update.win32_1.0.0.201904181610/tools/bin/../lib/gcc/arm-none-eabi/7.3.1/thumb/v7-m\libgcc.a
LOAD c:/st/stm32cubeide_1.3.0/stm32cubeide/plugins/com.st.stm32cube.ide.mcu.externaltools.gnu-tools-for-stm32.7-2018-q2-update.win32_1.0.0.201904181610/tools/bin/../lib/gcc/arm-none-eabi/7.3.1/../../../../arm-none-eabi/lib/thumb/v7-m\libc_nano.a
LOAD c:/st/stm32cubeide_1.3.0/stm32cubeide/plugins/com.st.stm32cube.ide.mcu.externaltools.gnu-tools-for-stm32.7-2018-q2-update.win32_1.0.0.201904181610/tools/bin/../lib/gcc/arm-none-eabi/7.3.1/../../../../arm-none-eabi/lib/thumb/v7-m\libnosys.a
END GROUP
START GROUP
LOAD c:/st/stm32cubeide_1.3.0/stm32cubeide/plugins/com.st.stm32cube.ide.mcu.externaltools.gnu-tools-for-stm32.7-2018-q2-update.win32_1.0.0.201904181610/tools/bin/../lib/gcc/arm-none-eabi/7.3.1/thumb/v7-m\libgcc.a
LOAD c:/st/stm32cubeide_1.3.0/stm32cubeide/plugins/com.st.stm32cube.ide.mcu.externaltools.gnu-tools-for-stm32.7-2018-q2-update.win32_1.0.0.201904181610/tools/bin/../lib/gcc/arm-none-eabi/7.3.1/../../../../arm-none-eabi/lib/thumb/v7-m\libc_nano.a
LOAD c:/st/stm32cubeide_1.3.0/stm32cubeide/plugins/com.st.stm32cube.ide.mcu.externaltools.gnu-tools-for-stm32.7-2018-q2-update.win32_1.0.0.201904181610/tools/bin/../lib/gcc/arm-none-eabi/7.3.1/../../../../arm-none-eabi/lib/thumb/v7-m\libnosys.a
END GROUP
LOAD c:/st/stm32cubeide_1.3.0/stm32cubeide/plugins/com.st.stm32cube.ide.mcu.externaltools.gnu-tools-for-stm32.7-2018-q2-update.win32_1.0.0.201904181610/tools/bin/../lib/gcc/arm-none-eabi/7.3.1/thumb/v7-m/crtend.o
LOAD c:/st/stm32cubeide_1.3.0/stm32cubeide/plugins/com.st.stm32cube.ide.mcu.externaltools.gnu-tools-for-stm32.7-2018-q2-update.win32_1.0.0.201904181610/tools/bin/../lib/gcc/arm-none-eabi/7.3.1/thumb/v7-m/crtn.o
                0x0000000020004000                _estack = (ORIGIN (RAM) + LENGTH (RAM))
                0x0000000000000200                _Min_Heap_Size = 0x200
                0x0000000000000400                _Min_Stack_Size = 0x400

.isr_vector     0x0000000008000000      0x10c
                0x0000000008000000                . = ALIGN (0x4)
 *(.isr_vector)
 .isr_vector    0x0000000008000000      0x10c Core/Startup/startup_stm32f102rbtx.o
                0x0000000008000000                g_pfnVectors
                0x000000000800010c                . = ALIGN (0x4)

.text           0x000000000800010c     0x6870
                0x000000000800010c                . = ALIGN (0x4)
 *(.text)
 .text          0x000000000800010c       0x40 c:/st/stm32cubeide_1.3.0/stm32cubeide/plugins/com.st.stm32cube.ide.mcu.externaltools.gnu-tools-for-stm32.7-2018-q2-update.win32_1.0.0.201904181610/tools/bin/../lib/gcc/arm-none-eabi/7.3.1/thumb/v7-m/crtbegin.o
 *(.text*)
 .text.MX_ADC1_Init
                0x000000000800014c      0x120 Core/Src/adc.o
                0x000000000800014c                MX_ADC1_Init
 .text.HAL_ADC_MspInit
                0x000000000800026c       0xb8 Core/Src/adc.o
                0x000000000800026c                HAL_ADC_MspInit
 .text.MX_GPIO_Init
                0x0000000008000324      0x16c Core/Src/gpio.o
                0x0000000008000324                MX_GPIO_Init
 .text.main     0x0000000008000490       0x5c Core/Src/main.o
                0x0000000008000490                main
 .text.SystemClock_Config
                0x00000000080004ec       0xbc Core/Src/main.o
                0x00000000080004ec                SystemClock_Config
 .text.Error_Handler
                0x00000000080005a8        0xc Core/Src/main.o
                0x00000000080005a8                Error_Handler
 .text.HAL_MspInit
                0x00000000080005b4       0x64 Core/Src/stm32f1xx_hal_msp.o
                0x00000000080005b4                HAL_MspInit
 .text.NMI_Handler
                0x0000000008000618        0xc Core/Src/stm32f1xx_it.o
                0x0000000008000618                NMI_Handler
 .text.HardFault_Handler
                0x0000000008000624        0x6 Core/Src/stm32f1xx_it.o
                0x0000000008000624                HardFault_Handler
 .text.MemManage_Handler
                0x000000000800062a        0x6 Core/Src/stm32f1xx_it.o
                0x000000000800062a                MemManage_Handler
 .text.BusFault_Handler
                0x0000000008000630        0x6 Core/Src/stm32f1xx_it.o
                0x0000000008000630                BusFault_Handler
 .text.UsageFault_Handler
                0x0000000008000636        0x6 Core/Src/stm32f1xx_it.o
                0x0000000008000636                UsageFault_Handler
 .text.SVC_Handler
                0x000000000800063c        0xc Core/Src/stm32f1xx_it.o
                0x000000000800063c                SVC_Handler
 .text.DebugMon_Handler
                0x0000000008000648        0xc Core/Src/stm32f1xx_it.o
                0x0000000008000648                DebugMon_Handler
 .text.PendSV_Handler
                0x0000000008000654        0xc Core/Src/stm32f1xx_it.o
                0x0000000008000654                PendSV_Handler
 .text.SysTick_Handler
                0x0000000008000660        0xc Core/Src/stm32f1xx_it.o
                0x0000000008000660                SysTick_Handler
 .text.ADC1_IRQHandler
                0x000000000800066c       0x14 Core/Src/stm32f1xx_it.o
                0x000000000800066c                ADC1_IRQHandler
 .text.USB_LP_IRQHandler
                0x0000000008000680       0x14 Core/Src/stm32f1xx_it.o
                0x0000000008000680                USB_LP_IRQHandler
 .text.SystemInit
                0x0000000008000694       0x68 Core/Src/system_stm32f1xx.o
                0x0000000008000694                SystemInit
 .text.MX_TIM2_Init
                0x00000000080006fc       0xf4 Core/Src/tim.o
                0x00000000080006fc                MX_TIM2_Init
 .text.HAL_TIM_Base_MspInit
                0x00000000080007f0       0x78 Core/Src/tim.o
                0x00000000080007f0                HAL_TIM_Base_MspInit
 .text.MX_USART1_UART_Init
                0x0000000008000868       0x54 Core/Src/usart.o
                0x0000000008000868                MX_USART1_UART_Init
 .text.MX_USART2_UART_Init
                0x00000000080008bc       0x54 Core/Src/usart.o
                0x00000000080008bc                MX_USART2_UART_Init
 .text.HAL_UART_MspInit
                0x0000000008000910      0x108 Core/Src/usart.o
                0x0000000008000910                HAL_UART_MspInit
 .text.Reset_Handler
                0x0000000008000a18       0x48 Core/Startup/startup_stm32f102rbtx.o
                0x0000000008000a18                Reset_Handler
 .text.Default_Handler
                0x0000000008000a60        0x2 Core/Startup/startup_stm32f102rbtx.o
                0x0000000008000a60                RTC_Alarm_IRQHandler
                0x0000000008000a60                EXTI2_IRQHandler
                0x0000000008000a60                USB_HP_IRQHandler
                0x0000000008000a60                PVD_IRQHandler
                0x0000000008000a60                EXTI3_IRQHandler
                0x0000000008000a60                EXTI0_IRQHandler
                0x0000000008000a60                I2C2_EV_IRQHandler
                0x0000000008000a60                SPI1_IRQHandler
                0x0000000008000a60                TAMPER_IRQHandler
                0x0000000008000a60                DMA1_Channel4_IRQHandler
                0x0000000008000a60                USART3_IRQHandler
                0x0000000008000a60                RTC_IRQHandler
                0x0000000008000a60                DMA1_Channel7_IRQHandler
                0x0000000008000a60                TIM4_IRQHandler
                0x0000000008000a60                I2C1_EV_IRQHandler
                0x0000000008000a60                DMA1_Channel6_IRQHandler
                0x0000000008000a60                TIM3_IRQHandler
                0x0000000008000a60                RCC_IRQHandler
                0x0000000008000a60                DMA1_Channel1_IRQHandler
                0x0000000008000a60                Default_Handler
                0x0000000008000a60                EXTI15_10_IRQHandler
                0x0000000008000a60                EXTI9_5_IRQHandler
                0x0000000008000a60                SPI2_IRQHandler
                0x0000000008000a60                DMA1_Channel5_IRQHandler
                0x0000000008000a60                EXTI4_IRQHandler
                0x0000000008000a60                DMA1_Channel3_IRQHandler
                0x0000000008000a60                WWDG_IRQHandler
                0x0000000008000a60                TIM2_IRQHandler
                0x0000000008000a60                EXTI1_IRQHandler
                0x0000000008000a60                USART2_IRQHandler
                0x0000000008000a60                I2C2_ER_IRQHandler
                0x0000000008000a60                DMA1_Channel2_IRQHandler
                0x0000000008000a60                FLASH_IRQHandler
                0x0000000008000a60                USART1_IRQHandler
                0x0000000008000a60                I2C1_ER_IRQHandler
                0x0000000008000a60                USBWakeUp_IRQHandler
 *fill*         0x0000000008000a62        0x2 
 .text.HAL_Init
                0x0000000008000a64       0x2c Drivers/STM32F1xx_HAL_Driver/Src/stm32f1xx_hal.o
                0x0000000008000a64                HAL_Init
 .text.HAL_InitTick
                0x0000000008000a90       0x60 Drivers/STM32F1xx_HAL_Driver/Src/stm32f1xx_hal.o
                0x0000000008000a90                HAL_InitTick
 .text.HAL_IncTick
                0x0000000008000af0       0x24 Drivers/STM32F1xx_HAL_Driver/Src/stm32f1xx_hal.o
                0x0000000008000af0                HAL_IncTick
 .text.HAL_GetTick
                0x0000000008000b14       0x14 Drivers/STM32F1xx_HAL_Driver/Src/stm32f1xx_hal.o
                0x0000000008000b14                HAL_GetTick
 .text.HAL_Delay
                0x0000000008000b28       0x44 Drivers/STM32F1xx_HAL_Driver/Src/stm32f1xx_hal.o
                0x0000000008000b28                HAL_Delay
 .text.HAL_ADC_Init
                0x0000000008000b6c      0x1b0 Drivers/STM32F1xx_HAL_Driver/Src/stm32f1xx_hal_adc.o
                0x0000000008000b6c                HAL_ADC_Init
 .text.HAL_ADC_IRQHandler
                0x0000000008000d1c      0x186 Drivers/STM32F1xx_HAL_Driver/Src/stm32f1xx_hal_adc.o
                0x0000000008000d1c                HAL_ADC_IRQHandler
 .text.HAL_ADC_ConvCpltCallback
                0x0000000008000ea2       0x12 Drivers/STM32F1xx_HAL_Driver/Src/stm32f1xx_hal_adc.o
                0x0000000008000ea2                HAL_ADC_ConvCpltCallback
 .text.HAL_ADC_LevelOutOfWindowCallback
                0x0000000008000eb4       0x12 Drivers/STM32F1xx_HAL_Driver/Src/stm32f1xx_hal_adc.o
                0x0000000008000eb4                HAL_ADC_LevelOutOfWindowCallback
 *fill*         0x0000000008000ec6        0x2 
 .text.HAL_ADC_ConfigChannel
                0x0000000008000ec8      0x1f0 Drivers/STM32F1xx_HAL_Driver/Src/stm32f1xx_hal_adc.o
                0x0000000008000ec8                HAL_ADC_ConfigChannel
 .text.ADC_ConversionStop_Disable
                0x00000000080010b8       0x74 Drivers/STM32F1xx_HAL_Driver/Src/stm32f1xx_hal_adc.o
                0x00000000080010b8                ADC_ConversionStop_Disable
 .text.HAL_ADCEx_InjectedConvCpltCallback
                0x000000000800112c       0x12 Drivers/STM32F1xx_HAL_Driver/Src/stm32f1xx_hal_adc_ex.o
                0x000000000800112c                HAL_ADCEx_InjectedConvCpltCallback
 *fill*         0x000000000800113e        0x2 
 .text.HAL_ADCEx_InjectedConfigChannel
                0x0000000008001140      0x32c Drivers/STM32F1xx_HAL_Driver/Src/stm32f1xx_hal_adc_ex.o
                0x0000000008001140                HAL_ADCEx_InjectedConfigChannel
 .text.__NVIC_SetPriorityGrouping
                0x000000000800146c       0x48 Drivers/STM32F1xx_HAL_Driver/Src/stm32f1xx_hal_cortex.o
 .text.__NVIC_GetPriorityGrouping
                0x00000000080014b4       0x1c Drivers/STM32F1xx_HAL_Driver/Src/stm32f1xx_hal_cortex.o
 .text.__NVIC_EnableIRQ
                0x00000000080014d0       0x38 Drivers/STM32F1xx_HAL_Driver/Src/stm32f1xx_hal_cortex.o
 .text.__NVIC_SetPriority
                0x0000000008001508       0x54 Drivers/STM32F1xx_HAL_Driver/Src/stm32f1xx_hal_cortex.o
 .text.NVIC_EncodePriority
                0x000000000800155c       0x64 Drivers/STM32F1xx_HAL_Driver/Src/stm32f1xx_hal_cortex.o
 .text.SysTick_Config
                0x00000000080015c0       0x44 Drivers/STM32F1xx_HAL_Driver/Src/stm32f1xx_hal_cortex.o
 .text.HAL_NVIC_SetPriorityGrouping
                0x0000000008001604       0x16 Drivers/STM32F1xx_HAL_Driver/Src/stm32f1xx_hal_cortex.o
                0x0000000008001604                HAL_NVIC_SetPriorityGrouping
 .text.HAL_NVIC_SetPriority
                0x000000000800161a       0x38 Drivers/STM32F1xx_HAL_Driver/Src/stm32f1xx_hal_cortex.o
                0x000000000800161a                HAL_NVIC_SetPriority
 .text.HAL_NVIC_EnableIRQ
                0x0000000008001652       0x1c Drivers/STM32F1xx_HAL_Driver/Src/stm32f1xx_hal_cortex.o
                0x0000000008001652                HAL_NVIC_EnableIRQ
 .text.HAL_SYSTICK_Config
                0x000000000800166e       0x18 Drivers/STM32F1xx_HAL_Driver/Src/stm32f1xx_hal_cortex.o
                0x000000000800166e                HAL_SYSTICK_Config
 *fill*         0x0000000008001686        0x2 
 .text.HAL_GPIO_Init
                0x0000000008001688      0x2a4 Drivers/STM32F1xx_HAL_Driver/Src/stm32f1xx_hal_gpio.o
                0x0000000008001688                HAL_GPIO_Init
 .text.HAL_GPIO_WritePin
                0x000000000800192c       0x30 Drivers/STM32F1xx_HAL_Driver/Src/stm32f1xx_hal_gpio.o
                0x000000000800192c                HAL_GPIO_WritePin
 .text.HAL_PCD_Init
                0x000000000800195c      0x1c2 Drivers/STM32F1xx_HAL_Driver/Src/stm32f1xx_hal_pcd.o
                0x000000000800195c                HAL_PCD_Init
 .text.HAL_PCD_Start
                0x0000000008001b1e       0x4c Drivers/STM32F1xx_HAL_Driver/Src/stm32f1xx_hal_pcd.o
                0x0000000008001b1e                HAL_PCD_Start
 .text.HAL_PCD_IRQHandler
                0x0000000008001b6a      0x21c Drivers/STM32F1xx_HAL_Driver/Src/stm32f1xx_hal_pcd.o
                0x0000000008001b6a                HAL_PCD_IRQHandler
 .text.HAL_PCD_SetAddress
                0x0000000008001d86       0x4a Drivers/STM32F1xx_HAL_Driver/Src/stm32f1xx_hal_pcd.o
                0x0000000008001d86                HAL_PCD_SetAddress
 .text.HAL_PCD_EP_Open
                0x0000000008001dd0       0xc0 Drivers/STM32F1xx_HAL_Driver/Src/stm32f1xx_hal_pcd.o
                0x0000000008001dd0                HAL_PCD_EP_Open
 .text.HAL_PCD_EP_Close
                0x0000000008001e90       0x84 Drivers/STM32F1xx_HAL_Driver/Src/stm32f1xx_hal_pcd.o
                0x0000000008001e90                HAL_PCD_EP_Close
 .text.HAL_PCD_EP_Receive
                0x0000000008001f14       0x74 Drivers/STM32F1xx_HAL_Driver/Src/stm32f1xx_hal_pcd.o
                0x0000000008001f14                HAL_PCD_EP_Receive
 .text.HAL_PCD_EP_Transmit
                0x0000000008001f88       0x72 Drivers/STM32F1xx_HAL_Driver/Src/stm32f1xx_hal_pcd.o
                0x0000000008001f88                HAL_PCD_EP_Transmit
 .text.HAL_PCD_EP_SetStall
                0x0000000008001ffa       0xb4 Drivers/STM32F1xx_HAL_Driver/Src/stm32f1xx_hal_pcd.o
                0x0000000008001ffa                HAL_PCD_EP_SetStall
 .text.HAL_PCD_EP_ClrStall
                0x00000000080020ae       0x9c Drivers/STM32F1xx_HAL_Driver/Src/stm32f1xx_hal_pcd.o
                0x00000000080020ae                HAL_PCD_EP_ClrStall
 *fill*         0x000000000800214a        0x2 
 .text.PCD_EP_ISR_Handler
                0x000000000800214c      0x534 Drivers/STM32F1xx_HAL_Driver/Src/stm32f1xx_hal_pcd.o
 .text.HAL_PCDEx_PMAConfig
                0x0000000008002680       0x78 Drivers/STM32F1xx_HAL_Driver/Src/stm32f1xx_hal_pcd_ex.o
                0x0000000008002680                HAL_PCDEx_PMAConfig
 .text.HAL_RCC_OscConfig
                0x00000000080026f8      0x500 Drivers/STM32F1xx_HAL_Driver/Src/stm32f1xx_hal_rcc.o
                0x00000000080026f8                HAL_RCC_OscConfig
 .text.HAL_RCC_ClockConfig
                0x0000000008002bf8      0x1d4 Drivers/STM32F1xx_HAL_Driver/Src/stm32f1xx_hal_rcc.o
                0x0000000008002bf8                HAL_RCC_ClockConfig
 .text.HAL_RCC_GetSysClockFreq
                0x0000000008002dcc       0xc4 Drivers/STM32F1xx_HAL_Driver/Src/stm32f1xx_hal_rcc.o
                0x0000000008002dcc                HAL_RCC_GetSysClockFreq
 .text.HAL_RCC_GetHCLKFreq
                0x0000000008002e90       0x14 Drivers/STM32F1xx_HAL_Driver/Src/stm32f1xx_hal_rcc.o
                0x0000000008002e90                HAL_RCC_GetHCLKFreq
 .text.HAL_RCC_GetPCLK1Freq
                0x0000000008002ea4       0x28 Drivers/STM32F1xx_HAL_Driver/Src/stm32f1xx_hal_rcc.o
                0x0000000008002ea4                HAL_RCC_GetPCLK1Freq
 .text.HAL_RCC_GetPCLK2Freq
                0x0000000008002ecc       0x28 Drivers/STM32F1xx_HAL_Driver/Src/stm32f1xx_hal_rcc.o
                0x0000000008002ecc                HAL_RCC_GetPCLK2Freq
 .text.RCC_Delay
                0x0000000008002ef4       0x3c Drivers/STM32F1xx_HAL_Driver/Src/stm32f1xx_hal_rcc.o
 .text.HAL_RCCEx_PeriphCLKConfig
                0x0000000008002f30      0x16c Drivers/STM32F1xx_HAL_Driver/Src/stm32f1xx_hal_rcc_ex.o
                0x0000000008002f30                HAL_RCCEx_PeriphCLKConfig
 .text.HAL_TIM_Base_Init
                0x000000000800309c       0x56 Drivers/STM32F1xx_HAL_Driver/Src/stm32f1xx_hal_tim.o
                0x000000000800309c                HAL_TIM_Base_Init
 .text.HAL_TIM_IC_Init
                0x00000000080030f2       0x56 Drivers/STM32F1xx_HAL_Driver/Src/stm32f1xx_hal_tim.o
                0x00000000080030f2                HAL_TIM_IC_Init
 .text.HAL_TIM_IC_MspInit
                0x0000000008003148       0x12 Drivers/STM32F1xx_HAL_Driver/Src/stm32f1xx_hal_tim.o
                0x0000000008003148                HAL_TIM_IC_MspInit
 .text.HAL_TIM_IC_ConfigChannel
                0x000000000800315a      0x138 Drivers/STM32F1xx_HAL_Driver/Src/stm32f1xx_hal_tim.o
                0x000000000800315a                HAL_TIM_IC_ConfigChannel
 .text.HAL_TIM_ConfigClockSource
                0x0000000008003292      0x16e Drivers/STM32F1xx_HAL_Driver/Src/stm32f1xx_hal_tim.o
                0x0000000008003292                HAL_TIM_ConfigClockSource
 .text.TIM_Base_SetConfig
                0x0000000008003400       0xa0 Drivers/STM32F1xx_HAL_Driver/Src/stm32f1xx_hal_tim.o
                0x0000000008003400                TIM_Base_SetConfig
 .text.TIM_TI1_SetConfig
                0x00000000080034a0       0xa8 Drivers/STM32F1xx_HAL_Driver/Src/stm32f1xx_hal_tim.o
                0x00000000080034a0                TIM_TI1_SetConfig
 .text.TIM_TI1_ConfigInputStage
                0x0000000008003548       0x5c Drivers/STM32F1xx_HAL_Driver/Src/stm32f1xx_hal_tim.o
 .text.TIM_TI2_SetConfig
                0x00000000080035a4       0x78 Drivers/STM32F1xx_HAL_Driver/Src/stm32f1xx_hal_tim.o
 .text.TIM_TI2_ConfigInputStage
                0x000000000800361c       0x5e Drivers/STM32F1xx_HAL_Driver/Src/stm32f1xx_hal_tim.o
 .text.TIM_TI3_SetConfig
                0x000000000800367a       0x76 Drivers/STM32F1xx_HAL_Driver/Src/stm32f1xx_hal_tim.o
 .text.TIM_TI4_SetConfig
                0x00000000080036f0       0x78 Drivers/STM32F1xx_HAL_Driver/Src/stm32f1xx_hal_tim.o
 .text.TIM_ITRx_SetConfig
                0x0000000008003768       0x34 Drivers/STM32F1xx_HAL_Driver/Src/stm32f1xx_hal_tim.o
 .text.TIM_ETR_SetConfig
                0x000000000800379c       0x3e Drivers/STM32F1xx_HAL_Driver/Src/stm32f1xx_hal_tim.o
                0x000000000800379c                TIM_ETR_SetConfig
 .text.HAL_TIMEx_MasterConfigSynchronization
                0x00000000080037da       0x88 Drivers/STM32F1xx_HAL_Driver/Src/stm32f1xx_hal_tim_ex.o
                0x00000000080037da                HAL_TIMEx_MasterConfigSynchronization
 .text.HAL_UART_Init
                0x0000000008003862       0x9a Drivers/STM32F1xx_HAL_Driver/Src/stm32f1xx_hal_uart.o
                0x0000000008003862                HAL_UART_Init
 .text.UART_SetConfig
                0x00000000080038fc      0x1b4 Drivers/STM32F1xx_HAL_Driver/Src/stm32f1xx_hal_uart.o
 .text.USB_CoreInit
                0x0000000008003ab0       0x20 Drivers/STM32F1xx_HAL_Driver/Src/stm32f1xx_ll_usb.o
                0x0000000008003ab0                USB_CoreInit
 .text.USB_EnableGlobalInt
                0x0000000008003ad0       0x2e Drivers/STM32F1xx_HAL_Driver/Src/stm32f1xx_ll_usb.o
                0x0000000008003ad0                USB_EnableGlobalInt
 .text.USB_DisableGlobalInt
                0x0000000008003afe       0x38 Drivers/STM32F1xx_HAL_Driver/Src/stm32f1xx_ll_usb.o
                0x0000000008003afe                USB_DisableGlobalInt
 .text.USB_SetCurrentMode
                0x0000000008003b36       0x18 Drivers/STM32F1xx_HAL_Driver/Src/stm32f1xx_ll_usb.o
                0x0000000008003b36                USB_SetCurrentMode
 .text.USB_DevInit
                0x0000000008003b4e       0x48 Drivers/STM32F1xx_HAL_Driver/Src/stm32f1xx_ll_usb.o
                0x0000000008003b4e                USB_DevInit
 *fill*         0x0000000008003b96        0x2 
 .text.USB_ActivateEndpoint
                0x0000000008003b98      0x5dc Drivers/STM32F1xx_HAL_Driver/Src/stm32f1xx_ll_usb.o
                0x0000000008003b98                USB_ActivateEndpoint
 .text.USB_DeactivateEndpoint
                0x0000000008004174      0x32c Drivers/STM32F1xx_HAL_Driver/Src/stm32f1xx_ll_usb.o
                0x0000000008004174                USB_DeactivateEndpoint
 .text.USB_EPStartXfer
                0x00000000080044a0      0x570 Drivers/STM32F1xx_HAL_Driver/Src/stm32f1xx_ll_usb.o
                0x00000000080044a0                USB_EPStartXfer
 .text.USB_EPSetStall
                0x0000000008004a10       0x84 Drivers/STM32F1xx_HAL_Driver/Src/stm32f1xx_ll_usb.o
                0x0000000008004a10                USB_EPSetStall
 .text.USB_EPClearStall
                0x0000000008004a94      0x128 Drivers/STM32F1xx_HAL_Driver/Src/stm32f1xx_ll_usb.o
                0x0000000008004a94                USB_EPClearStall
 .text.USB_SetDevAddress
                0x0000000008004bbc       0x26 Drivers/STM32F1xx_HAL_Driver/Src/stm32f1xx_ll_usb.o
                0x0000000008004bbc                USB_SetDevAddress
 .text.USB_DevConnect
                0x0000000008004be2       0x14 Drivers/STM32F1xx_HAL_Driver/Src/stm32f1xx_ll_usb.o
                0x0000000008004be2                USB_DevConnect
 .text.USB_DevDisconnect
                0x0000000008004bf6       0x14 Drivers/STM32F1xx_HAL_Driver/Src/stm32f1xx_ll_usb.o
                0x0000000008004bf6                USB_DevDisconnect
 .text.USB_ReadInterrupts
                0x0000000008004c0a       0x1e Drivers/STM32F1xx_HAL_Driver/Src/stm32f1xx_ll_usb.o
                0x0000000008004c0a                USB_ReadInterrupts
 .text.USB_EP0_OutStart
                0x0000000008004c28       0x16 Drivers/STM32F1xx_HAL_Driver/Src/stm32f1xx_ll_usb.o
                0x0000000008004c28                USB_EP0_OutStart
 .text.USB_WritePMA
                0x0000000008004c3e       0x88 Drivers/STM32F1xx_HAL_Driver/Src/stm32f1xx_ll_usb.o
                0x0000000008004c3e                USB_WritePMA
 .text.USB_ReadPMA
                0x0000000008004cc6       0x9e Drivers/STM32F1xx_HAL_Driver/Src/stm32f1xx_ll_usb.o
                0x0000000008004cc6                USB_ReadPMA
 .text.USBD_HID_Init
                0x0000000008004d64       0x4e Middlewares/ST/STM32_USB_Device_Library/Class/HID/Src/usbd_hid.o
 .text.USBD_HID_DeInit
                0x0000000008004db2       0x42 Middlewares/ST/STM32_USB_Device_Library/Class/HID/Src/usbd_hid.o
 .text.USBD_HID_Setup
                0x0000000008004df4      0x1fc Middlewares/ST/STM32_USB_Device_Library/Class/HID/Src/usbd_hid.o
 .text.USBD_HID_SendReport
                0x0000000008004ff0       0x44 Middlewares/ST/STM32_USB_Device_Library/Class/HID/Src/usbd_hid.o
                0x0000000008004ff0                USBD_HID_SendReport
 .text.USBD_HID_GetFSCfgDesc
                0x0000000008005034       0x20 Middlewares/ST/STM32_USB_Device_Library/Class/HID/Src/usbd_hid.o
 .text.USBD_HID_GetHSCfgDesc
                0x0000000008005054       0x20 Middlewares/ST/STM32_USB_Device_Library/Class/HID/Src/usbd_hid.o
 .text.USBD_HID_GetOtherSpeedCfgDesc
                0x0000000008005074       0x20 Middlewares/ST/STM32_USB_Device_Library/Class/HID/Src/usbd_hid.o
 .text.USBD_HID_DataIn
                0x0000000008005094       0x22 Middlewares/ST/STM32_USB_Device_Library/Class/HID/Src/usbd_hid.o
 *fill*         0x00000000080050b6        0x2 
 .text.USBD_HID_GetDeviceQualifierDesc
                0x00000000080050b8       0x20 Middlewares/ST/STM32_USB_Device_Library/Class/HID/Src/usbd_hid.o
 .text.USBD_Init
                0x00000000080050d8       0x56 Middlewares/ST/STM32_USB_Device_Library/Core/Src/usbd_core.o
                0x00000000080050d8                USBD_Init
 .text.USBD_RegisterClass
                0x000000000800512e       0x32 Middlewares/ST/STM32_USB_Device_Library/Core/Src/usbd_core.o
                0x000000000800512e                USBD_RegisterClass
 .text.USBD_Start
                0x0000000008005160       0x18 Middlewares/ST/STM32_USB_Device_Library/Core/Src/usbd_core.o
                0x0000000008005160                USBD_Start
 .text.USBD_RunTestMode
                0x0000000008005178       0x14 Middlewares/ST/STM32_USB_Device_Library/Core/Src/usbd_core.o
                0x0000000008005178                USBD_RunTestMode
 .text.USBD_SetClassConfig
                0x000000000800518c       0x3e Middlewares/ST/STM32_USB_Device_Library/Core/Src/usbd_core.o
                0x000000000800518c                USBD_SetClassConfig
 .text.USBD_ClrClassConfig
                0x00000000080051ca       0x26 Middlewares/ST/STM32_USB_Device_Library/Core/Src/usbd_core.o
                0x00000000080051ca                USBD_ClrClassConfig
 .text.USBD_LL_SetupStage
                0x00000000080051f0       0x96 Middlewares/ST/STM32_USB_Device_Library/Core/Src/usbd_core.o
                0x00000000080051f0                USBD_LL_SetupStage
 .text.USBD_LL_DataOutStage
                0x0000000008005286       0xe2 Middlewares/ST/STM32_USB_Device_Library/Core/Src/usbd_core.o
                0x0000000008005286                USBD_LL_DataOutStage
 .text.USBD_LL_DataInStage
                0x0000000008005368      0x14a Middlewares/ST/STM32_USB_Device_Library/Core/Src/usbd_core.o
                0x0000000008005368                USBD_LL_DataInStage
 .text.USBD_LL_Reset
                0x00000000080054b2       0x82 Middlewares/ST/STM32_USB_Device_Library/Core/Src/usbd_core.o
                0x00000000080054b2                USBD_LL_Reset
 .text.USBD_LL_SetSpeed
                0x0000000008005534       0x1e Middlewares/ST/STM32_USB_Device_Library/Core/Src/usbd_core.o
                0x0000000008005534                USBD_LL_SetSpeed
 .text.USBD_LL_Suspend
                0x0000000008005552       0x28 Middlewares/ST/STM32_USB_Device_Library/Core/Src/usbd_core.o
                0x0000000008005552                USBD_LL_Suspend
 .text.USBD_LL_Resume
                0x000000000800557a       0x2a Middlewares/ST/STM32_USB_Device_Library/Core/Src/usbd_core.o
                0x000000000800557a                USBD_LL_Resume
 .text.USBD_LL_SOF
                0x00000000080055a4       0x34 Middlewares/ST/STM32_USB_Device_Library/Core/Src/usbd_core.o
                0x00000000080055a4                USBD_LL_SOF
 .text.USBD_StdDevReq
                0x00000000080055d8       0xd4 Middlewares/ST/STM32_USB_Device_Library/Core/Src/usbd_ctlreq.o
                0x00000000080055d8                USBD_StdDevReq
 .text.USBD_StdItfReq
                0x00000000080056ac       0x8c Middlewares/ST/STM32_USB_Device_Library/Core/Src/usbd_ctlreq.o
                0x00000000080056ac                USBD_StdItfReq
 .text.USBD_StdEPReq
                0x0000000008005738      0x2ba Middlewares/ST/STM32_USB_Device_Library/Core/Src/usbd_ctlreq.o
                0x0000000008005738                USBD_StdEPReq
 *fill*         0x00000000080059f2        0x2 
 .text.USBD_GetDescriptor
                0x00000000080059f4      0x2d0 Middlewares/ST/STM32_USB_Device_Library/Core/Src/usbd_ctlreq.o
 .text.USBD_SetAddress
                0x0000000008005cc4       0x84 Middlewares/ST/STM32_USB_Device_Library/Core/Src/usbd_ctlreq.o
 .text.USBD_SetConfig
                0x0000000008005d48      0x11c Middlewares/ST/STM32_USB_Device_Library/Core/Src/usbd_ctlreq.o
 .text.USBD_GetConfig
                0x0000000008005e64       0x68 Middlewares/ST/STM32_USB_Device_Library/Core/Src/usbd_ctlreq.o
 .text.USBD_GetStatus
                0x0000000008005ecc       0x66 Middlewares/ST/STM32_USB_Device_Library/Core/Src/usbd_ctlreq.o
 .text.USBD_SetFeature
                0x0000000008005f32       0x28 Middlewares/ST/STM32_USB_Device_Library/Core/Src/usbd_ctlreq.o
 .text.USBD_ClrFeature
                0x0000000008005f5a       0x42 Middlewares/ST/STM32_USB_Device_Library/Core/Src/usbd_ctlreq.o
 .text.USBD_ParseSetupRequest
                0x0000000008005f9c       0x78 Middlewares/ST/STM32_USB_Device_Library/Core/Src/usbd_ctlreq.o
                0x0000000008005f9c                USBD_ParseSetupRequest
 .text.USBD_CtlError
                0x0000000008006014       0x22 Middlewares/ST/STM32_USB_Device_Library/Core/Src/usbd_ctlreq.o
                0x0000000008006014                USBD_CtlError
 .text.USBD_GetString
                0x0000000008006036       0x84 Middlewares/ST/STM32_USB_Device_Library/Core/Src/usbd_ctlreq.o
                0x0000000008006036                USBD_GetString
 .text.USBD_GetLen
                0x00000000080060ba       0x2e Middlewares/ST/STM32_USB_Device_Library/Core/Src/usbd_ctlreq.o
 .text.USBD_CtlSendData
                0x00000000080060e8       0x38 Middlewares/ST/STM32_USB_Device_Library/Core/Src/usbd_ioreq.o
                0x00000000080060e8                USBD_CtlSendData
 .text.USBD_CtlContinueSendData
                0x0000000008006120       0x24 Middlewares/ST/STM32_USB_Device_Library/Core/Src/usbd_ioreq.o
                0x0000000008006120                USBD_CtlContinueSendData
 .text.USBD_CtlContinueRx
                0x0000000008006144       0x24 Middlewares/ST/STM32_USB_Device_Library/Core/Src/usbd_ioreq.o
                0x0000000008006144                USBD_CtlContinueRx
 .text.USBD_CtlSendStatus
                0x0000000008006168       0x26 Middlewares/ST/STM32_USB_Device_Library/Core/Src/usbd_ioreq.o
                0x0000000008006168                USBD_CtlSendStatus
 .text.USBD_CtlReceiveStatus
                0x000000000800618e       0x26 Middlewares/ST/STM32_USB_Device_Library/Core/Src/usbd_ioreq.o
                0x000000000800618e                USBD_CtlReceiveStatus
 .text.MX_USB_DEVICE_Init
                0x00000000080061b4       0x4c USB_DEVICE/App/usb_device.o
                0x00000000080061b4                MX_USB_DEVICE_Init
 .text.USBD_FS_DeviceDescriptor
                0x0000000008006200       0x24 USB_DEVICE/App/usbd_desc.o
                0x0000000008006200                USBD_FS_DeviceDescriptor
 .text.USBD_FS_LangIDStrDescriptor
                0x0000000008006224       0x24 USB_DEVICE/App/usbd_desc.o
                0x0000000008006224                USBD_FS_LangIDStrDescriptor
 .text.USBD_FS_ProductStrDescriptor
                0x0000000008006248       0x3c USB_DEVICE/App/usbd_desc.o
                0x0000000008006248                USBD_FS_ProductStrDescriptor
 .text.USBD_FS_ManufacturerStrDescriptor
                0x0000000008006284       0x28 USB_DEVICE/App/usbd_desc.o
                0x0000000008006284                USBD_FS_ManufacturerStrDescriptor
 .text.USBD_FS_SerialStrDescriptor
                0x00000000080062ac       0x24 USB_DEVICE/App/usbd_desc.o
                0x00000000080062ac                USBD_FS_SerialStrDescriptor
 .text.USBD_FS_ConfigStrDescriptor
                0x00000000080062d0       0x3c USB_DEVICE/App/usbd_desc.o
                0x00000000080062d0                USBD_FS_ConfigStrDescriptor
 .text.USBD_FS_InterfaceStrDescriptor
                0x000000000800630c       0x3c USB_DEVICE/App/usbd_desc.o
                0x000000000800630c                USBD_FS_InterfaceStrDescriptor
 .text.Get_SerialNum
                0x0000000008006348       0x58 USB_DEVICE/App/usbd_desc.o
 .text.IntToUnicode
                0x00000000080063a0       0x7a USB_DEVICE/App/usbd_desc.o
 *fill*         0x000000000800641a        0x2 
 .text.HAL_PCD_MspInit
                0x000000000800641c       0x4c USB_DEVICE/Target/usbd_conf.o
                0x000000000800641c                HAL_PCD_MspInit
 .text.HAL_PCD_SetupStageCallback
                0x0000000008006468       0x24 USB_DEVICE/Target/usbd_conf.o
                0x0000000008006468                HAL_PCD_SetupStageCallback
 .text.HAL_PCD_DataOutStageCallback
                0x000000000800648c       0x30 USB_DEVICE/Target/usbd_conf.o
                0x000000000800648c                HAL_PCD_DataOutStageCallback
 .text.HAL_PCD_DataInStageCallback
                0x00000000080064bc       0x2e USB_DEVICE/Target/usbd_conf.o
                0x00000000080064bc                HAL_PCD_DataInStageCallback
 .text.HAL_PCD_SOFCallback
                0x00000000080064ea       0x1c USB_DEVICE/Target/usbd_conf.o
                0x00000000080064ea                HAL_PCD_SOFCallback
 .text.HAL_PCD_ResetCallback
                0x0000000008006506       0x3c USB_DEVICE/Target/usbd_conf.o
                0x0000000008006506                HAL_PCD_ResetCallback
 *fill*         0x0000000008006542        0x2 
 .text.HAL_PCD_SuspendCallback
                0x0000000008006544       0x34 USB_DEVICE/Target/usbd_conf.o
                0x0000000008006544                HAL_PCD_SuspendCallback
 .text.HAL_PCD_ResumeCallback
                0x0000000008006578       0x1c USB_DEVICE/Target/usbd_conf.o
                0x0000000008006578                HAL_PCD_ResumeCallback
 .text.USBD_LL_Init
                0x0000000008006594       0x90 USB_DEVICE/Target/usbd_conf.o
                0x0000000008006594                USBD_LL_Init
 .text.USBD_LL_Start
                0x0000000008006624       0x36 USB_DEVICE/Target/usbd_conf.o
                0x0000000008006624                USBD_LL_Start
 .text.USBD_LL_OpenEP
                0x000000000800665a       0x4c USB_DEVICE/Target/usbd_conf.o
                0x000000000800665a                USBD_LL_OpenEP
 .text.USBD_LL_CloseEP
                0x00000000080066a6       0x3e USB_DEVICE/Target/usbd_conf.o
                0x00000000080066a6                USBD_LL_CloseEP
 .text.USBD_LL_StallEP
                0x00000000080066e4       0x3e USB_DEVICE/Target/usbd_conf.o
                0x00000000080066e4                USBD_LL_StallEP
 .text.USBD_LL_ClearStallEP
                0x0000000008006722       0x3e USB_DEVICE/Target/usbd_conf.o
                0x0000000008006722                USBD_LL_ClearStallEP
 .text.USBD_LL_IsStallEP
                0x0000000008006760       0x4a USB_DEVICE/Target/usbd_conf.o
                0x0000000008006760                USBD_LL_IsStallEP
 .text.USBD_LL_SetUSBAddress
                0x00000000080067aa       0x3e USB_DEVICE/Target/usbd_conf.o
                0x00000000080067aa                USBD_LL_SetUSBAddress
 .text.USBD_LL_Transmit
                0x00000000080067e8       0x46 USB_DEVICE/Target/usbd_conf.o
                0x00000000080067e8                USBD_LL_Transmit
 .text.USBD_LL_PrepareReceive
                0x000000000800682e       0x46 USB_DEVICE/Target/usbd_conf.o
                0x000000000800682e                USBD_LL_PrepareReceive
 .text.USBD_static_malloc
                0x0000000008006874       0x18 USB_DEVICE/Target/usbd_conf.o
                0x0000000008006874                USBD_static_malloc
 .text.USBD_static_free
                0x000000000800688c       0x12 USB_DEVICE/Target/usbd_conf.o
                0x000000000800688c                USBD_static_free
 .text.HAL_PCDEx_SetConnectionState
                0x000000000800689e       0x16 USB_DEVICE/Target/usbd_conf.o
                0x000000000800689e                HAL_PCDEx_SetConnectionState
 .text.USBD_Get_USB_Status
                0x00000000080068b4       0x58 USB_DEVICE/Target/usbd_conf.o
 .text.__libc_init_array
                0x000000000800690c       0x48 c:/st/stm32cubeide_1.3.0/stm32cubeide/plugins/com.st.stm32cube.ide.mcu.externaltools.gnu-tools-for-stm32.7-2018-q2-update.win32_1.0.0.201904181610/tools/bin/../lib/gcc/arm-none-eabi/7.3.1/../../../../arm-none-eabi/lib/thumb/v7-m\libc_nano.a(lib_a-init.o)
                0x000000000800690c                __libc_init_array
 .text.memset   0x0000000008006954       0x10 c:/st/stm32cubeide_1.3.0/stm32cubeide/plugins/com.st.stm32cube.ide.mcu.externaltools.gnu-tools-for-stm32.7-2018-q2-update.win32_1.0.0.201904181610/tools/bin/../lib/gcc/arm-none-eabi/7.3.1/../../../../arm-none-eabi/lib/thumb/v7-m\libc_nano.a(lib_a-memset.o)
                0x0000000008006954                memset
 *(.glue_7)
 .glue_7        0x0000000008006964        0x0 linker stubs
 *(.glue_7t)
 .glue_7t       0x0000000008006964        0x0 linker stubs
 *(.eh_frame)
 .eh_frame      0x0000000008006964        0x0 c:/st/stm32cubeide_1.3.0/stm32cubeide/plugins/com.st.stm32cube.ide.mcu.externaltools.gnu-tools-for-stm32.7-2018-q2-update.win32_1.0.0.201904181610/tools/bin/../lib/gcc/arm-none-eabi/7.3.1/thumb/v7-m/crtbegin.o
 *(.init)
 .init          0x0000000008006964        0x4 c:/st/stm32cubeide_1.3.0/stm32cubeide/plugins/com.st.stm32cube.ide.mcu.externaltools.gnu-tools-for-stm32.7-2018-q2-update.win32_1.0.0.201904181610/tools/bin/../lib/gcc/arm-none-eabi/7.3.1/thumb/v7-m/crti.o
                0x0000000008006964                _init
 .init          0x0000000008006968        0x8 c:/st/stm32cubeide_1.3.0/stm32cubeide/plugins/com.st.stm32cube.ide.mcu.externaltools.gnu-tools-for-stm32.7-2018-q2-update.win32_1.0.0.201904181610/tools/bin/../lib/gcc/arm-none-eabi/7.3.1/thumb/v7-m/crtn.o
 *(.fini)
 .fini          0x0000000008006970        0x4 c:/st/stm32cubeide_1.3.0/stm32cubeide/plugins/com.st.stm32cube.ide.mcu.externaltools.gnu-tools-for-stm32.7-2018-q2-update.win32_1.0.0.201904181610/tools/bin/../lib/gcc/arm-none-eabi/7.3.1/thumb/v7-m/crti.o
                0x0000000008006970                _fini
 .fini          0x0000000008006974        0x8 c:/st/stm32cubeide_1.3.0/stm32cubeide/plugins/com.st.stm32cube.ide.mcu.externaltools.gnu-tools-for-stm32.7-2018-q2-update.win32_1.0.0.201904181610/tools/bin/../lib/gcc/arm-none-eabi/7.3.1/thumb/v7-m/crtn.o
                0x000000000800697c                . = ALIGN (0x4)
                0x000000000800697c                _etext = .

.vfp11_veneer   0x000000000800697c        0x0
 .vfp11_veneer  0x000000000800697c        0x0 linker stubs

.v4_bx          0x000000000800697c        0x0
 .v4_bx         0x000000000800697c        0x0 linker stubs

.iplt           0x000000000800697c        0x0
 .iplt          0x000000000800697c        0x0 c:/st/stm32cubeide_1.3.0/stm32cubeide/plugins/com.st.stm32cube.ide.mcu.externaltools.gnu-tools-for-stm32.7-2018-q2-update.win32_1.0.0.201904181610/tools/bin/../lib/gcc/arm-none-eabi/7.3.1/thumb/v7-m/crtbegin.o

.rodata         0x000000000800697c       0x74
                0x000000000800697c                . = ALIGN (0x4)
 *(.rodata)
 .rodata        0x000000000800697c       0x12 Drivers/STM32F1xx_HAL_Driver/Src/stm32f1xx_hal_rcc.o
 *fill*         0x000000000800698e        0x2 
 .rodata        0x0000000008006990       0x46 USB_DEVICE/App/usbd_desc.o
 *(.rodata*)
 *fill*         0x00000000080069d6        0x2 
 .rodata.AHBPrescTable
                0x00000000080069d8       0x10 Core/Src/system_stm32f1xx.o
                0x00000000080069d8                AHBPrescTable
 .rodata.APBPrescTable
                0x00000000080069e8        0x8 Core/Src/system_stm32f1xx.o
                0x00000000080069e8                APBPrescTable
                0x00000000080069f0                . = ALIGN (0x4)

.rel.dyn        0x00000000080069f0        0x0
 .rel.iplt      0x00000000080069f0        0x0 c:/st/stm32cubeide_1.3.0/stm32cubeide/plugins/com.st.stm32cube.ide.mcu.externaltools.gnu-tools-for-stm32.7-2018-q2-update.win32_1.0.0.201904181610/tools/bin/../lib/gcc/arm-none-eabi/7.3.1/thumb/v7-m/crtbegin.o

.ARM.extab      0x00000000080069f0        0x0
                0x00000000080069f0                . = ALIGN (0x4)
 *(.ARM.extab* .gnu.linkonce.armextab.*)
                0x00000000080069f0                . = ALIGN (0x4)

.ARM            0x00000000080069f0        0x0
                0x00000000080069f0                . = ALIGN (0x4)
                0x00000000080069f0                __exidx_start = .
 *(.ARM.exidx*)
                0x00000000080069f0                __exidx_end = .
                0x00000000080069f0                . = ALIGN (0x4)

.preinit_array  0x00000000080069f0        0x0
                0x00000000080069f0                . = ALIGN (0x4)
                0x00000000080069f0                PROVIDE (__preinit_array_start = .)
 *(.preinit_array*)
                0x00000000080069f0                PROVIDE (__preinit_array_end = .)
                0x00000000080069f0                . = ALIGN (0x4)

.init_array     0x00000000080069f0        0x4
                0x00000000080069f0                . = ALIGN (0x4)
                0x00000000080069f0                PROVIDE (__init_array_start = .)
 *(SORT_BY_NAME(.init_array.*))
 *(.init_array*)
 .init_array    0x00000000080069f0        0x4 c:/st/stm32cubeide_1.3.0/stm32cubeide/plugins/com.st.stm32cube.ide.mcu.externaltools.gnu-tools-for-stm32.7-2018-q2-update.win32_1.0.0.201904181610/tools/bin/../lib/gcc/arm-none-eabi/7.3.1/thumb/v7-m/crtbegin.o
                0x00000000080069f4                PROVIDE (__init_array_end = .)
                0x00000000080069f4                . = ALIGN (0x4)

.fini_array     0x00000000080069f4        0x4
                0x00000000080069f4                . = ALIGN (0x4)
                [!provide]                        PROVIDE (__fini_array_start = .)
 *(SORT_BY_NAME(.fini_array.*))
 *(.fini_array*)
 .fini_array    0x00000000080069f4        0x4 c:/st/stm32cubeide_1.3.0/stm32cubeide/plugins/com.st.stm32cube.ide.mcu.externaltools.gnu-tools-for-stm32.7-2018-q2-update.win32_1.0.0.201904181610/tools/bin/../lib/gcc/arm-none-eabi/7.3.1/thumb/v7-m/crtbegin.o
                [!provide]                        PROVIDE (__fini_array_end = .)
                0x00000000080069f8                . = ALIGN (0x4)
                0x00000000080069f8                _sidata = LOADADDR (.data)

.data           0x0000000020000000      0x164 load address 0x00000000080069f8
                0x0000000020000000                . = ALIGN (0x4)
                0x0000000020000000                _sdata = .
 *(.data)
 *(.data*)
 .data.SystemCoreClock
                0x0000000020000000        0x4 Core/Src/system_stm32f1xx.o
                0x0000000020000000                SystemCoreClock
 .data.uwTickPrio
                0x0000000020000004        0x4 Drivers/STM32F1xx_HAL_Driver/Src/stm32f1xx_hal.o
                0x0000000020000004                uwTickPrio
 .data.uwTickFreq
                0x0000000020000008        0x1 Drivers/STM32F1xx_HAL_Driver/Src/stm32f1xx_hal.o
                0x0000000020000008                uwTickFreq
 *fill*         0x0000000020000009        0x3 
 .data.USBD_HID
                0x000000002000000c       0x38 Middlewares/ST/STM32_USB_Device_Library/Class/HID/Src/usbd_hid.o
                0x000000002000000c                USBD_HID
 .data.USBD_HID_CfgFSDesc
                0x0000000020000044       0x22 Middlewares/ST/STM32_USB_Device_Library/Class/HID/Src/usbd_hid.o
 *fill*         0x0000000020000066        0x2 
 .data.USBD_HID_CfgHSDesc
                0x0000000020000068       0x22 Middlewares/ST/STM32_USB_Device_Library/Class/HID/Src/usbd_hid.o
 *fill*         0x000000002000008a        0x2 
 .data.USBD_HID_OtherSpeedCfgDesc
                0x000000002000008c       0x22 Middlewares/ST/STM32_USB_Device_Library/Class/HID/Src/usbd_hid.o
 *fill*         0x00000000200000ae        0x2 
 .data.USBD_HID_Desc
                0x00000000200000b0        0x9 Middlewares/ST/STM32_USB_Device_Library/Class/HID/Src/usbd_hid.o
 *fill*         0x00000000200000b9        0x3 
 .data.USBD_HID_DeviceQualifierDesc
                0x00000000200000bc        0xa Middlewares/ST/STM32_USB_Device_Library/Class/HID/Src/usbd_hid.o
 *fill*         0x00000000200000c6        0x2 
 .data.HID_MOUSE_ReportDesc
                0x00000000200000c8       0x4a Middlewares/ST/STM32_USB_Device_Library/Class/HID/Src/usbd_hid.o
 *fill*         0x0000000020000112        0x2 
 .data.FS_Desc  0x0000000020000114       0x1c USB_DEVICE/App/usbd_desc.o
                0x0000000020000114                FS_Desc
 .data.USBD_FS_DeviceDesc
                0x0000000020000130       0x12 USB_DEVICE/App/usbd_desc.o
                0x0000000020000130                USBD_FS_DeviceDesc
 *fill*         0x0000000020000142        0x2 
 .data.USBD_LangIDDesc
                0x0000000020000144        0x4 USB_DEVICE/App/usbd_desc.o
                0x0000000020000144                USBD_LangIDDesc
 .data.USBD_StringSerial
                0x0000000020000148       0x1a USB_DEVICE/App/usbd_desc.o
                0x0000000020000148                USBD_StringSerial
                0x0000000020000164                . = ALIGN (0x4)
 *fill*         0x0000000020000162        0x2 
                0x0000000020000164                _edata = .

.igot.plt       0x0000000020000164        0x0 load address 0x0000000008006b5c
 .igot.plt      0x0000000020000164        0x0 c:/st/stm32cubeide_1.3.0/stm32cubeide/plugins/com.st.stm32cube.ide.mcu.externaltools.gnu-tools-for-stm32.7-2018-q2-update.win32_1.0.0.201904181610/tools/bin/../lib/gcc/arm-none-eabi/7.3.1/thumb/v7-m/crtbegin.o
                0x0000000020000164                . = ALIGN (0x4)

.bss            0x0000000020000164      0x85c load address 0x0000000008006b5c
                0x0000000020000164                _sbss = .
                0x0000000020000164                __bss_start__ = _sbss
 *(.bss)
 .bss           0x0000000020000164       0x1c c:/st/stm32cubeide_1.3.0/stm32cubeide/plugins/com.st.stm32cube.ide.mcu.externaltools.gnu-tools-for-stm32.7-2018-q2-update.win32_1.0.0.201904181610/tools/bin/../lib/gcc/arm-none-eabi/7.3.1/thumb/v7-m/crtbegin.o
 *(.bss*)
 .bss.click_report
                0x0000000020000180        0x4 Core/Src/main.o
                0x0000000020000180                click_report
 .bss.cfgidx.8325
                0x0000000020000184        0x1 Middlewares/ST/STM32_USB_Device_Library/Core/Src/usbd_ctlreq.o
 *fill*         0x0000000020000185        0x3 
 .bss.mem.8362  0x0000000020000188       0x14 USB_DEVICE/Target/usbd_conf.o
 *(COMMON)
 COMMON         0x000000002000019c       0x30 Core/Src/adc.o
                0x000000002000019c                hadc1
 COMMON         0x00000000200001cc       0x40 Core/Src/tim.o
                0x00000000200001cc                htim2
 COMMON         0x000000002000020c       0x80 Core/Src/usart.o
                0x000000002000020c                huart1
                0x000000002000024c                huart2
 COMMON         0x000000002000028c        0x4 Drivers/STM32F1xx_HAL_Driver/Src/stm32f1xx_hal.o
                0x000000002000028c                uwTick
 COMMON         0x0000000020000290      0x2c4 USB_DEVICE/App/usb_device.o
                0x0000000020000290                hUsbDeviceFS
 COMMON         0x0000000020000554      0x200 USB_DEVICE/App/usbd_desc.o
                0x0000000020000554                USBD_StrDesc
 COMMON         0x0000000020000754      0x26c USB_DEVICE/Target/usbd_conf.o
                0x0000000020000754                hpcd_USB_FS
                0x00000000200009c0                . = ALIGN (0x4)
                0x00000000200009c0                _ebss = .
                0x00000000200009c0                __bss_end__ = _ebss

._user_heap_stack
                0x00000000200009c0      0x600 load address 0x0000000008006b5c
                0x00000000200009c0                . = ALIGN (0x8)
                0x00000000200009c0                PROVIDE (end = .)
                [!provide]                        PROVIDE (_end = .)
                0x0000000020000bc0                . = (. + _Min_Heap_Size)
 *fill*         0x00000000200009c0      0x200 
                0x0000000020000fc0                . = (. + _Min_Stack_Size)
 *fill*         0x0000000020000bc0      0x400 
                0x0000000020000fc0                . = ALIGN (0x8)

/DISCARD/
 libc.a(*)
 libm.a(*)
 libgcc.a(*)

.ARM.attributes
                0x0000000000000000       0x29
 *(.ARM.attributes)
 .ARM.attributes
                0x0000000000000000       0x1d c:/st/stm32cubeide_1.3.0/stm32cubeide/plugins/com.st.stm32cube.ide.mcu.externaltools.gnu-tools-for-stm32.7-2018-q2-update.win32_1.0.0.201904181610/tools/bin/../lib/gcc/arm-none-eabi/7.3.1/thumb/v7-m/crti.o
 .ARM.attributes
                0x000000000000001d       0x2d c:/st/stm32cubeide_1.3.0/stm32cubeide/plugins/com.st.stm32cube.ide.mcu.externaltools.gnu-tools-for-stm32.7-2018-q2-update.win32_1.0.0.201904181610/tools/bin/../lib/gcc/arm-none-eabi/7.3.1/thumb/v7-m/crtbegin.o
 .ARM.attributes
                0x000000000000004a       0x33 Core/Src/adc.o
 .ARM.attributes
                0x000000000000007d       0x33 Core/Src/gpio.o
 .ARM.attributes
                0x00000000000000b0       0x33 Core/Src/main.o
 .ARM.attributes
                0x00000000000000e3       0x33 Core/Src/stm32f1xx_hal_msp.o
 .ARM.attributes
                0x0000000000000116       0x33 Core/Src/stm32f1xx_it.o
 .ARM.attributes
                0x0000000000000149       0x33 Core/Src/system_stm32f1xx.o
 .ARM.attributes
                0x000000000000017c       0x33 Core/Src/tim.o
 .ARM.attributes
                0x00000000000001af       0x33 Core/Src/usart.o
 .ARM.attributes
                0x00000000000001e2       0x21 Core/Startup/startup_stm32f102rbtx.o
 .ARM.attributes
                0x0000000000000203       0x33 Drivers/STM32F1xx_HAL_Driver/Src/stm32f1xx_hal.o
 .ARM.attributes
                0x0000000000000236       0x33 Drivers/STM32F1xx_HAL_Driver/Src/stm32f1xx_hal_adc.o
 .ARM.attributes
                0x0000000000000269       0x33 Drivers/STM32F1xx_HAL_Driver/Src/stm32f1xx_hal_adc_ex.o
 .ARM.attributes
                0x000000000000029c       0x33 Drivers/STM32F1xx_HAL_Driver/Src/stm32f1xx_hal_cortex.o
 .ARM.attributes
                0x00000000000002cf       0x33 Drivers/STM32F1xx_HAL_Driver/Src/stm32f1xx_hal_gpio.o
 .ARM.attributes
                0x0000000000000302       0x33 Drivers/STM32F1xx_HAL_Driver/Src/stm32f1xx_hal_pcd.o
 .ARM.attributes
                0x0000000000000335       0x33 Drivers/STM32F1xx_HAL_Driver/Src/stm32f1xx_hal_pcd_ex.o
 .ARM.attributes
                0x0000000000000368       0x33 Drivers/STM32F1xx_HAL_Driver/Src/stm32f1xx_hal_rcc.o
 .ARM.attributes
                0x000000000000039b       0x33 Drivers/STM32F1xx_HAL_Driver/Src/stm32f1xx_hal_rcc_ex.o
 .ARM.attributes
                0x00000000000003ce       0x33 Drivers/STM32F1xx_HAL_Driver/Src/stm32f1xx_hal_tim.o
 .ARM.attributes
                0x0000000000000401       0x33 Drivers/STM32F1xx_HAL_Driver/Src/stm32f1xx_hal_tim_ex.o
 .ARM.attributes
                0x0000000000000434       0x33 Drivers/STM32F1xx_HAL_Driver/Src/stm32f1xx_hal_uart.o
 .ARM.attributes
                0x0000000000000467       0x33 Drivers/STM32F1xx_HAL_Driver/Src/stm32f1xx_ll_usb.o
 .ARM.attributes
                0x000000000000049a       0x33 Middlewares/ST/STM32_USB_Device_Library/Class/HID/Src/usbd_hid.o
 .ARM.attributes
                0x00000000000004cd       0x33 Middlewares/ST/STM32_USB_Device_Library/Core/Src/usbd_core.o
 .ARM.attributes
                0x0000000000000500       0x33 Middlewares/ST/STM32_USB_Device_Library/Core/Src/usbd_ctlreq.o
 .ARM.attributes
                0x0000000000000533       0x33 Middlewares/ST/STM32_USB_Device_Library/Core/Src/usbd_ioreq.o
 .ARM.attributes
                0x0000000000000566       0x33 USB_DEVICE/App/usb_device.o
 .ARM.attributes
                0x0000000000000599       0x33 USB_DEVICE/App/usbd_desc.o
 .ARM.attributes
                0x00000000000005cc       0x33 USB_DEVICE/Target/usbd_conf.o
 .ARM.attributes
                0x00000000000005ff       0x2d c:/st/stm32cubeide_1.3.0/stm32cubeide/plugins/com.st.stm32cube.ide.mcu.externaltools.gnu-tools-for-stm32.7-2018-q2-update.win32_1.0.0.201904181610/tools/bin/../lib/gcc/arm-none-eabi/7.3.1/../../../../arm-none-eabi/lib/thumb/v7-m\libc_nano.a(lib_a-init.o)
 .ARM.attributes
                0x000000000000062c       0x2d c:/st/stm32cubeide_1.3.0/stm32cubeide/plugins/com.st.stm32cube.ide.mcu.externaltools.gnu-tools-for-stm32.7-2018-q2-update.win32_1.0.0.201904181610/tools/bin/../lib/gcc/arm-none-eabi/7.3.1/../../../../arm-none-eabi/lib/thumb/v7-m\libc_nano.a(lib_a-memset.o)
 .ARM.attributes
                0x0000000000000659       0x1d c:/st/stm32cubeide_1.3.0/stm32cubeide/plugins/com.st.stm32cube.ide.mcu.externaltools.gnu-tools-for-stm32.7-2018-q2-update.win32_1.0.0.201904181610/tools/bin/../lib/gcc/arm-none-eabi/7.3.1/thumb/v7-m/crtn.o
OUTPUT(hido.elf elf32-littlearm)

.debug_info     0x0000000000000000    0x16ea0
 .debug_info    0x0000000000000000      0x9a4 Core/Src/adc.o
 .debug_info    0x00000000000009a4      0x36e Core/Src/gpio.o
 .debug_info    0x0000000000000d12     0x1873 Core/Src/main.o
 .debug_info    0x0000000000002585      0x2cb Core/Src/stm32f1xx_hal_msp.o
 .debug_info    0x0000000000002850      0xa6c Core/Src/stm32f1xx_it.o
 .debug_info    0x00000000000032bc      0x433 Core/Src/system_stm32f1xx.o
 .debug_info    0x00000000000036ef      0x8f9 Core/Src/tim.o
 .debug_info    0x0000000000003fe8      0x7ff Core/Src/usart.o
 .debug_info    0x00000000000047e7       0x22 Core/Startup/startup_stm32f102rbtx.o
 .debug_info    0x0000000000004809      0x6d6 Drivers/STM32F1xx_HAL_Driver/Src/stm32f1xx_hal.o
 .debug_info    0x0000000000004edf      0xc57 Drivers/STM32F1xx_HAL_Driver/Src/stm32f1xx_hal_adc.o
 .debug_info    0x0000000000005b36      0x881 Drivers/STM32F1xx_HAL_Driver/Src/stm32f1xx_hal_adc_ex.o
 .debug_info    0x00000000000063b7      0xb22 Drivers/STM32F1xx_HAL_Driver/Src/stm32f1xx_hal_cortex.o
 .debug_info    0x0000000000006ed9      0x679 Drivers/STM32F1xx_HAL_Driver/Src/stm32f1xx_hal_gpio.o
 .debug_info    0x0000000000007552      0xe38 Drivers/STM32F1xx_HAL_Driver/Src/stm32f1xx_hal_pcd.o
 .debug_info    0x000000000000838a      0x760 Drivers/STM32F1xx_HAL_Driver/Src/stm32f1xx_hal_pcd_ex.o
 .debug_info    0x0000000000008aea      0x804 Drivers/STM32F1xx_HAL_Driver/Src/stm32f1xx_hal_rcc.o
 .debug_info    0x00000000000092ee      0x439 Drivers/STM32F1xx_HAL_Driver/Src/stm32f1xx_hal_rcc_ex.o
 .debug_info    0x0000000000009727     0x244c Drivers/STM32F1xx_HAL_Driver/Src/stm32f1xx_hal_tim.o
 .debug_info    0x000000000000bb73     0x10fa Drivers/STM32F1xx_HAL_Driver/Src/stm32f1xx_hal_tim_ex.o
 .debug_info    0x000000000000cc6d     0x11d9 Drivers/STM32F1xx_HAL_Driver/Src/stm32f1xx_hal_uart.o
 .debug_info    0x000000000000de46     0x14f9 Drivers/STM32F1xx_HAL_Driver/Src/stm32f1xx_ll_usb.o
 .debug_info    0x000000000000f33f     0x112a Middlewares/ST/STM32_USB_Device_Library/Class/HID/Src/usbd_hid.o
 .debug_info    0x0000000000010469     0x11c2 Middlewares/ST/STM32_USB_Device_Library/Core/Src/usbd_core.o
 .debug_info    0x000000000001162b     0x1132 Middlewares/ST/STM32_USB_Device_Library/Core/Src/usbd_ctlreq.o
 .debug_info    0x000000000001275d      0xf23 Middlewares/ST/STM32_USB_Device_Library/Core/Src/usbd_ioreq.o
 .debug_info    0x0000000000013680      0xdb8 USB_DEVICE/App/usb_device.o
 .debug_info    0x0000000000014438      0xd07 USB_DEVICE/App/usbd_desc.o
 .debug_info    0x000000000001513f     0x1d61 USB_DEVICE/Target/usbd_conf.o

.debug_abbrev   0x0000000000000000     0x36ce
 .debug_abbrev  0x0000000000000000      0x1a2 Core/Src/adc.o
 .debug_abbrev  0x00000000000001a2      0x134 Core/Src/gpio.o
 .debug_abbrev  0x00000000000002d6      0x24e Core/Src/main.o
 .debug_abbrev  0x0000000000000524      0x109 Core/Src/stm32f1xx_hal_msp.o
 .debug_abbrev  0x000000000000062d      0x174 Core/Src/stm32f1xx_it.o
 .debug_abbrev  0x00000000000007a1      0x134 Core/Src/system_stm32f1xx.o
 .debug_abbrev  0x00000000000008d5      0x1aa Core/Src/tim.o
 .debug_abbrev  0x0000000000000a7f      0x199 Core/Src/usart.o
 .debug_abbrev  0x0000000000000c18       0x12 Core/Startup/startup_stm32f102rbtx.o
 .debug_abbrev  0x0000000000000c2a      0x203 Drivers/STM32F1xx_HAL_Driver/Src/stm32f1xx_hal.o
 .debug_abbrev  0x0000000000000e2d      0x19d Drivers/STM32F1xx_HAL_Driver/Src/stm32f1xx_hal_adc.o
 .debug_abbrev  0x0000000000000fca      0x1bd Drivers/STM32F1xx_HAL_Driver/Src/stm32f1xx_hal_adc_ex.o
 .debug_abbrev  0x0000000000001187      0x2d5 Drivers/STM32F1xx_HAL_Driver/Src/stm32f1xx_hal_cortex.o
 .debug_abbrev  0x000000000000145c      0x1c0 Drivers/STM32F1xx_HAL_Driver/Src/stm32f1xx_hal_gpio.o
 .debug_abbrev  0x000000000000161c      0x263 Drivers/STM32F1xx_HAL_Driver/Src/stm32f1xx_hal_pcd.o
 .debug_abbrev  0x000000000000187f      0x188 Drivers/STM32F1xx_HAL_Driver/Src/stm32f1xx_hal_pcd_ex.o
 .debug_abbrev  0x0000000000001a07      0x243 Drivers/STM32F1xx_HAL_Driver/Src/stm32f1xx_hal_rcc.o
 .debug_abbrev  0x0000000000001c4a      0x175 Drivers/STM32F1xx_HAL_Driver/Src/stm32f1xx_hal_rcc_ex.o
 .debug_abbrev  0x0000000000001dbf      0x23f Drivers/STM32F1xx_HAL_Driver/Src/stm32f1xx_hal_tim.o
 .debug_abbrev  0x0000000000001ffe      0x22d Drivers/STM32F1xx_HAL_Driver/Src/stm32f1xx_hal_tim_ex.o
 .debug_abbrev  0x000000000000222b      0x251 Drivers/STM32F1xx_HAL_Driver/Src/stm32f1xx_hal_uart.o
 .debug_abbrev  0x000000000000247c      0x1c5 Drivers/STM32F1xx_HAL_Driver/Src/stm32f1xx_ll_usb.o
 .debug_abbrev  0x0000000000002641      0x27d Middlewares/ST/STM32_USB_Device_Library/Class/HID/Src/usbd_hid.o
 .debug_abbrev  0x00000000000028be      0x270 Middlewares/ST/STM32_USB_Device_Library/Core/Src/usbd_core.o
 .debug_abbrev  0x0000000000002b2e      0x2a0 Middlewares/ST/STM32_USB_Device_Library/Core/Src/usbd_ctlreq.o
 .debug_abbrev  0x0000000000002dce      0x1e0 Middlewares/ST/STM32_USB_Device_Library/Core/Src/usbd_ioreq.o
 .debug_abbrev  0x0000000000002fae      0x1b5 USB_DEVICE/App/usb_device.o
 .debug_abbrev  0x0000000000003163      0x290 USB_DEVICE/App/usbd_desc.o
 .debug_abbrev  0x00000000000033f3      0x2db USB_DEVICE/Target/usbd_conf.o

.debug_aranges  0x0000000000000000     0x12d0
 .debug_aranges
                0x0000000000000000       0x30 Core/Src/adc.o
 .debug_aranges
                0x0000000000000030       0x20 Core/Src/gpio.o
 .debug_aranges
                0x0000000000000050       0x38 Core/Src/main.o
 .debug_aranges
                0x0000000000000088       0x20 Core/Src/stm32f1xx_hal_msp.o
 .debug_aranges
                0x00000000000000a8       0x70 Core/Src/stm32f1xx_it.o
 .debug_aranges
                0x0000000000000118       0x28 Core/Src/system_stm32f1xx.o
 .debug_aranges
                0x0000000000000140       0x30 Core/Src/tim.o
 .debug_aranges
                0x0000000000000170       0x38 Core/Src/usart.o
 .debug_aranges
                0x00000000000001a8       0x28 Core/Startup/startup_stm32f102rbtx.o
 .debug_aranges
                0x00000000000001d0       0xe0 Drivers/STM32F1xx_HAL_Driver/Src/stm32f1xx_hal.o
 .debug_aranges
                0x00000000000002b0       0xf0 Drivers/STM32F1xx_HAL_Driver/Src/stm32f1xx_hal_adc.o
 .debug_aranges
                0x00000000000003a0       0x60 Drivers/STM32F1xx_HAL_Driver/Src/stm32f1xx_hal_adc_ex.o
 .debug_aranges
                0x0000000000000400      0x100 Drivers/STM32F1xx_HAL_Driver/Src/stm32f1xx_hal_cortex.o
 .debug_aranges
                0x0000000000000500       0x58 Drivers/STM32F1xx_HAL_Driver/Src/stm32f1xx_hal_gpio.o
 .debug_aranges
                0x0000000000000558      0x120 Drivers/STM32F1xx_HAL_Driver/Src/stm32f1xx_hal_pcd.o
 .debug_aranges
                0x0000000000000678       0x38 Drivers/STM32F1xx_HAL_Driver/Src/stm32f1xx_hal_pcd_ex.o
 .debug_aranges
                0x00000000000006b0       0x90 Drivers/STM32F1xx_HAL_Driver/Src/stm32f1xx_hal_rcc.o
 .debug_aranges
                0x0000000000000740       0x30 Drivers/STM32F1xx_HAL_Driver/Src/stm32f1xx_hal_rcc_ex.o
 .debug_aranges
                0x0000000000000770      0x3a8 Drivers/STM32F1xx_HAL_Driver/Src/stm32f1xx_hal_tim.o
 .debug_aranges
                0x0000000000000b18      0x150 Drivers/STM32F1xx_HAL_Driver/Src/stm32f1xx_hal_tim_ex.o
 .debug_aranges
                0x0000000000000c68      0x1d0 Drivers/STM32F1xx_HAL_Driver/Src/stm32f1xx_hal_uart.o
 .debug_aranges
                0x0000000000000e38      0x108 Drivers/STM32F1xx_HAL_Driver/Src/stm32f1xx_ll_usb.o
 .debug_aranges
                0x0000000000000f40       0x68 Middlewares/ST/STM32_USB_Device_Library/Class/HID/Src/usbd_hid.o
 .debug_aranges
                0x0000000000000fa8       0xb8 Middlewares/ST/STM32_USB_Device_Library/Core/Src/usbd_core.o
 .debug_aranges
                0x0000000000001060       0x88 Middlewares/ST/STM32_USB_Device_Library/Core/Src/usbd_ctlreq.o
 .debug_aranges
                0x00000000000010e8       0x50 Middlewares/ST/STM32_USB_Device_Library/Core/Src/usbd_ioreq.o
 .debug_aranges
                0x0000000000001138       0x20 USB_DEVICE/App/usb_device.o
 .debug_aranges
                0x0000000000001158       0x60 USB_DEVICE/App/usbd_desc.o
 .debug_aranges
                0x00000000000011b8      0x118 USB_DEVICE/Target/usbd_conf.o

.debug_ranges   0x0000000000000000     0x1108
 .debug_ranges  0x0000000000000000       0x20 Core/Src/adc.o
 .debug_ranges  0x0000000000000020       0x10 Core/Src/gpio.o
 .debug_ranges  0x0000000000000030       0x28 Core/Src/main.o
 .debug_ranges  0x0000000000000058       0x10 Core/Src/stm32f1xx_hal_msp.o
 .debug_ranges  0x0000000000000068       0x60 Core/Src/stm32f1xx_it.o
 .debug_ranges  0x00000000000000c8       0x18 Core/Src/system_stm32f1xx.o
 .debug_ranges  0x00000000000000e0       0x20 Core/Src/tim.o
 .debug_ranges  0x0000000000000100       0x28 Core/Src/usart.o
 .debug_ranges  0x0000000000000128       0x20 Core/Startup/startup_stm32f102rbtx.o
 .debug_ranges  0x0000000000000148       0xd0 Drivers/STM32F1xx_HAL_Driver/Src/stm32f1xx_hal.o
 .debug_ranges  0x0000000000000218       0xe0 Drivers/STM32F1xx_HAL_Driver/Src/stm32f1xx_hal_adc.o
 .debug_ranges  0x00000000000002f8       0x50 Drivers/STM32F1xx_HAL_Driver/Src/stm32f1xx_hal_adc_ex.o
 .debug_ranges  0x0000000000000348       0xf0 Drivers/STM32F1xx_HAL_Driver/Src/stm32f1xx_hal_cortex.o
 .debug_ranges  0x0000000000000438       0x48 Drivers/STM32F1xx_HAL_Driver/Src/stm32f1xx_hal_gpio.o
 .debug_ranges  0x0000000000000480      0x110 Drivers/STM32F1xx_HAL_Driver/Src/stm32f1xx_hal_pcd.o
 .debug_ranges  0x0000000000000590       0x28 Drivers/STM32F1xx_HAL_Driver/Src/stm32f1xx_hal_pcd_ex.o
 .debug_ranges  0x00000000000005b8       0x80 Drivers/STM32F1xx_HAL_Driver/Src/stm32f1xx_hal_rcc.o
 .debug_ranges  0x0000000000000638       0x20 Drivers/STM32F1xx_HAL_Driver/Src/stm32f1xx_hal_rcc_ex.o
 .debug_ranges  0x0000000000000658      0x398 Drivers/STM32F1xx_HAL_Driver/Src/stm32f1xx_hal_tim.o
 .debug_ranges  0x00000000000009f0      0x140 Drivers/STM32F1xx_HAL_Driver/Src/stm32f1xx_hal_tim_ex.o
 .debug_ranges  0x0000000000000b30      0x1c0 Drivers/STM32F1xx_HAL_Driver/Src/stm32f1xx_hal_uart.o
 .debug_ranges  0x0000000000000cf0       0xf8 Drivers/STM32F1xx_HAL_Driver/Src/stm32f1xx_ll_usb.o
 .debug_ranges  0x0000000000000de8       0x58 Middlewares/ST/STM32_USB_Device_Library/Class/HID/Src/usbd_hid.o
 .debug_ranges  0x0000000000000e40       0xa8 Middlewares/ST/STM32_USB_Device_Library/Core/Src/usbd_core.o
 .debug_ranges  0x0000000000000ee8       0x78 Middlewares/ST/STM32_USB_Device_Library/Core/Src/usbd_ctlreq.o
 .debug_ranges  0x0000000000000f60       0x40 Middlewares/ST/STM32_USB_Device_Library/Core/Src/usbd_ioreq.o
 .debug_ranges  0x0000000000000fa0       0x10 USB_DEVICE/App/usb_device.o
 .debug_ranges  0x0000000000000fb0       0x50 USB_DEVICE/App/usbd_desc.o
 .debug_ranges  0x0000000000001000      0x108 USB_DEVICE/Target/usbd_conf.o

.debug_macro    0x0000000000000000    0x123ee
 .debug_macro   0x0000000000000000      0x1e8 Core/Src/adc.o
 .debug_macro   0x00000000000001e8      0xa5a Core/Src/adc.o
 .debug_macro   0x0000000000000c42      0x227 Core/Src/adc.o
 .debug_macro   0x0000000000000e69       0x2e Core/Src/adc.o
 .debug_macro   0x0000000000000e97       0x22 Core/Src/adc.o
 .debug_macro   0x0000000000000eb9       0x22 Core/Src/adc.o
 .debug_macro   0x0000000000000edb       0x8e Core/Src/adc.o
 .debug_macro   0x0000000000000f69       0x51 Core/Src/adc.o
 .debug_macro   0x0000000000000fba       0xef Core/Src/adc.o
 .debug_macro   0x00000000000010a9       0x6a Core/Src/adc.o
 .debug_macro   0x0000000000001113      0x1df Core/Src/adc.o
 .debug_macro   0x00000000000012f2       0x1c Core/Src/adc.o
 .debug_macro   0x000000000000130e       0x22 Core/Src/adc.o
 .debug_macro   0x0000000000001330       0xc3 Core/Src/adc.o
 .debug_macro   0x00000000000013f3      0xd23 Core/Src/adc.o
 .debug_macro   0x0000000000002116     0x82f0 Core/Src/adc.o
 .debug_macro   0x000000000000a406       0x43 Core/Src/adc.o
 .debug_macro   0x000000000000a449      0x174 Core/Src/adc.o
 .debug_macro   0x000000000000a5bd       0x5a Core/Src/adc.o
 .debug_macro   0x000000000000a617      0x5be Core/Src/adc.o
 .debug_macro   0x000000000000abd5      0x20b Core/Src/adc.o
 .debug_macro   0x000000000000ade0      0x1cb Core/Src/adc.o
 .debug_macro   0x000000000000afab      0x114 Core/Src/adc.o
 .debug_macro   0x000000000000b0bf      0x19d Core/Src/adc.o
 .debug_macro   0x000000000000b25c       0x27 Core/Src/adc.o
 .debug_macro   0x000000000000b283      0x12f Core/Src/adc.o
 .debug_macro   0x000000000000b3b2      0x1bc Core/Src/adc.o
 .debug_macro   0x000000000000b56e       0x34 Core/Src/adc.o
 .debug_macro   0x000000000000b5a2       0x3c Core/Src/adc.o
 .debug_macro   0x000000000000b5de       0x57 Core/Src/adc.o
 .debug_macro   0x000000000000b635      0x46a Core/Src/adc.o
 .debug_macro   0x000000000000ba9f      0x15a Core/Src/adc.o
 .debug_macro   0x000000000000bbf9       0x88 Core/Src/adc.o
 .debug_macro   0x000000000000bc81      0x241 Core/Src/adc.o
 .debug_macro   0x000000000000bec2      0x141 Core/Src/adc.o
 .debug_macro   0x000000000000c003      0x88b Core/Src/adc.o
 .debug_macro   0x000000000000c88e      0x26b Core/Src/adc.o
 .debug_macro   0x000000000000caf9       0x65 Core/Src/adc.o
 .debug_macro   0x000000000000cb5e      0x249 Core/Src/adc.o
 .debug_macro   0x000000000000cda7       0x67 Core/Src/adc.o
 .debug_macro   0x000000000000ce0e       0x28 Core/Src/adc.o
 .debug_macro   0x000000000000ce36      0x1e8 Core/Src/gpio.o
 .debug_macro   0x000000000000d01e      0x440 Core/Src/main.o
 .debug_macro   0x000000000000d45e       0x46 Core/Src/main.o
 .debug_macro   0x000000000000d4a4       0x18 Core/Src/main.o
 .debug_macro   0x000000000000d4bc       0x3c Core/Src/main.o
 .debug_macro   0x000000000000d4f8       0x34 Core/Src/main.o
 .debug_macro   0x000000000000d52c       0x16 Core/Src/main.o
 .debug_macro   0x000000000000d542       0x35 Core/Src/main.o
 .debug_macro   0x000000000000d577      0x32a Core/Src/main.o
 .debug_macro   0x000000000000d8a1       0x10 Core/Src/main.o
 .debug_macro   0x000000000000d8b1       0x52 Core/Src/main.o
 .debug_macro   0x000000000000d903       0x1f Core/Src/main.o
 .debug_macro   0x000000000000d922       0x43 Core/Src/main.o
 .debug_macro   0x000000000000d965       0x20 Core/Src/main.o
 .debug_macro   0x000000000000d985      0x1a3 Core/Src/main.o
 .debug_macro   0x000000000000db28       0x10 Core/Src/main.o
 .debug_macro   0x000000000000db38       0x1c Core/Src/main.o
 .debug_macro   0x000000000000db54       0x52 Core/Src/main.o
 .debug_macro   0x000000000000dba6       0x40 Core/Src/main.o
 .debug_macro   0x000000000000dbe6       0x10 Core/Src/main.o
 .debug_macro   0x000000000000dbf6       0x40 Core/Src/main.o
 .debug_macro   0x000000000000dc36       0xd7 Core/Src/main.o
 .debug_macro   0x000000000000dd0d       0x1c Core/Src/main.o
 .debug_macro   0x000000000000dd29       0x3d Core/Src/main.o
 .debug_macro   0x000000000000dd66       0x16 Core/Src/main.o
 .debug_macro   0x000000000000dd7c      0x145 Core/Src/main.o
 .debug_macro   0x000000000000dec1       0x16 Core/Src/main.o
 .debug_macro   0x000000000000ded7       0x16 Core/Src/main.o
 .debug_macro   0x000000000000deed       0x29 Core/Src/main.o
 .debug_macro   0x000000000000df16       0x16 Core/Src/main.o
 .debug_macro   0x000000000000df2c       0x20 Core/Src/main.o
 .debug_macro   0x000000000000df4c       0x60 Core/Src/main.o
 .debug_macro   0x000000000000dfac      0x1c8 Core/Src/main.o
 .debug_macro   0x000000000000e174       0x22 Core/Src/main.o
 .debug_macro   0x000000000000e196       0x5e Core/Src/main.o
 .debug_macro   0x000000000000e1f4      0x1de Core/Src/stm32f1xx_hal_msp.o
 .debug_macro   0x000000000000e3d2      0x1e8 Core/Src/stm32f1xx_it.o
 .debug_macro   0x000000000000e5ba      0x1d5 Core/Src/system_stm32f1xx.o
 .debug_macro   0x000000000000e78f      0x1e8 Core/Src/tim.o
 .debug_macro   0x000000000000e977      0x1e8 Core/Src/usart.o
 .debug_macro   0x000000000000eb5f      0x1f3 Drivers/STM32F1xx_HAL_Driver/Src/stm32f1xx_hal.o
 .debug_macro   0x000000000000ed52      0x1ec Drivers/STM32F1xx_HAL_Driver/Src/stm32f1xx_hal_adc.o
 .debug_macro   0x000000000000ef3e      0x1e1 Drivers/STM32F1xx_HAL_Driver/Src/stm32f1xx_hal_adc_ex.o
 .debug_macro   0x000000000000f11f      0x1cf Drivers/STM32F1xx_HAL_Driver/Src/stm32f1xx_hal_cortex.o
 .debug_macro   0x000000000000f2ee      0x23a Drivers/STM32F1xx_HAL_Driver/Src/stm32f1xx_hal_gpio.o
 .debug_macro   0x000000000000f528      0x1db Drivers/STM32F1xx_HAL_Driver/Src/stm32f1xx_hal_pcd.o
 .debug_macro   0x000000000000f703      0x1cf Drivers/STM32F1xx_HAL_Driver/Src/stm32f1xx_hal_pcd_ex.o
 .debug_macro   0x000000000000f8d2      0x1e1 Drivers/STM32F1xx_HAL_Driver/Src/stm32f1xx_hal_rcc.o
 .debug_macro   0x000000000000fab3      0x1cf Drivers/STM32F1xx_HAL_Driver/Src/stm32f1xx_hal_rcc_ex.o
 .debug_macro   0x000000000000fc82      0x1d0 Drivers/STM32F1xx_HAL_Driver/Src/stm32f1xx_hal_tim.o
 .debug_macro   0x000000000000fe52      0x1cf Drivers/STM32F1xx_HAL_Driver/Src/stm32f1xx_hal_tim_ex.o
 .debug_macro   0x0000000000010021      0x1d0 Drivers/STM32F1xx_HAL_Driver/Src/stm32f1xx_hal_uart.o
 .debug_macro   0x00000000000101f1      0x1cf Drivers/STM32F1xx_HAL_Driver/Src/stm32f1xx_ll_usb.o
 .debug_macro   0x00000000000103c0      0x3eb Middlewares/ST/STM32_USB_Device_Library/Class/HID/Src/usbd_hid.o
 .debug_macro   0x00000000000107ab       0x97 Middlewares/ST/STM32_USB_Device_Library/Class/HID/Src/usbd_hid.o
 .debug_macro   0x0000000000010842       0xfd Middlewares/ST/STM32_USB_Device_Library/Class/HID/Src/usbd_hid.o
 .debug_macro   0x000000000001093f       0xbd Middlewares/ST/STM32_USB_Device_Library/Class/HID/Src/usbd_hid.o
 .debug_macro   0x00000000000109fc       0x54 Middlewares/ST/STM32_USB_Device_Library/Class/HID/Src/usbd_hid.o
 .debug_macro   0x0000000000010a50      0x3d2 Middlewares/ST/STM32_USB_Device_Library/Core/Src/usbd_core.o
 .debug_macro   0x0000000000010e22      0x1ce Middlewares/ST/STM32_USB_Device_Library/Core/Src/usbd_core.o
 .debug_macro   0x0000000000010ff0      0x3dc Middlewares/ST/STM32_USB_Device_Library/Core/Src/usbd_ctlreq.o
 .debug_macro   0x00000000000113cc      0x3d8 Middlewares/ST/STM32_USB_Device_Library/Core/Src/usbd_ioreq.o
 .debug_macro   0x00000000000117a4      0x402 USB_DEVICE/App/usb_device.o
 .debug_macro   0x0000000000011ba6       0x2e USB_DEVICE/App/usb_device.o
 .debug_macro   0x0000000000011bd4      0x40f USB_DEVICE/App/usbd_desc.o
 .debug_macro   0x0000000000011fe3       0x1c USB_DEVICE/App/usbd_desc.o
 .debug_macro   0x0000000000011fff      0x3ef USB_DEVICE/Target/usbd_conf.o

.debug_line     0x0000000000000000    0x11920
 .debug_line    0x0000000000000000      0x700 Core/Src/adc.o
 .debug_line    0x0000000000000700      0x6ce Core/Src/gpio.o
 .debug_line    0x0000000000000dce      0xa80 Core/Src/main.o
 .debug_line    0x000000000000184e      0x6af Core/Src/stm32f1xx_hal_msp.o
 .debug_line    0x0000000000001efd      0x776 Core/Src/stm32f1xx_it.o
 .debug_line    0x0000000000002673      0x6df Core/Src/system_stm32f1xx.o
 .debug_line    0x0000000000002d52      0x6ef Core/Src/tim.o
 .debug_line    0x0000000000003441      0x717 Core/Src/usart.o
 .debug_line    0x0000000000003b58       0x84 Core/Startup/startup_stm32f102rbtx.o
 .debug_line    0x0000000000003bdc      0x887 Drivers/STM32F1xx_HAL_Driver/Src/stm32f1xx_hal.o
 .debug_line    0x0000000000004463      0xb56 Drivers/STM32F1xx_HAL_Driver/Src/stm32f1xx_hal_adc.o
 .debug_line    0x0000000000004fb9      0x910 Drivers/STM32F1xx_HAL_Driver/Src/stm32f1xx_hal_adc_ex.o
 .debug_line    0x00000000000058c9      0x960 Drivers/STM32F1xx_HAL_Driver/Src/stm32f1xx_hal_cortex.o
 .debug_line    0x0000000000006229      0x873 Drivers/STM32F1xx_HAL_Driver/Src/stm32f1xx_hal_gpio.o
 .debug_line    0x0000000000006a9c      0xb7a Drivers/STM32F1xx_HAL_Driver/Src/stm32f1xx_hal_pcd.o
 .debug_line    0x0000000000007616      0x6fa Drivers/STM32F1xx_HAL_Driver/Src/stm32f1xx_hal_pcd_ex.o
 .debug_line    0x0000000000007d10      0x949 Drivers/STM32F1xx_HAL_Driver/Src/stm32f1xx_hal_rcc.o
 .debug_line    0x0000000000008659      0x767 Drivers/STM32F1xx_HAL_Driver/Src/stm32f1xx_hal_rcc_ex.o
 .debug_line    0x0000000000008dc0     0x16c8 Drivers/STM32F1xx_HAL_Driver/Src/stm32f1xx_hal_tim.o
 .debug_line    0x000000000000a488      0xc9a Drivers/STM32F1xx_HAL_Driver/Src/stm32f1xx_hal_tim_ex.o
 .debug_line    0x000000000000b122      0xf92 Drivers/STM32F1xx_HAL_Driver/Src/stm32f1xx_hal_uart.o
 .debug_line    0x000000000000c0b4      0xb93 Drivers/STM32F1xx_HAL_Driver/Src/stm32f1xx_ll_usb.o
 .debug_line    0x000000000000cc47      0xace Middlewares/ST/STM32_USB_Device_Library/Class/HID/Src/usbd_hid.o
 .debug_line    0x000000000000d715      0xba0 Middlewares/ST/STM32_USB_Device_Library/Core/Src/usbd_core.o
 .debug_line    0x000000000000e2b5      0xc29 Middlewares/ST/STM32_USB_Device_Library/Core/Src/usbd_ctlreq.o
 .debug_line    0x000000000000eede      0xa09 Middlewares/ST/STM32_USB_Device_Library/Core/Src/usbd_ioreq.o
 .debug_line    0x000000000000f8e7      0x9d8 USB_DEVICE/App/usb_device.o
 .debug_line    0x00000000000102bf      0xa3d USB_DEVICE/App/usbd_desc.o
 .debug_line    0x0000000000010cfc      0xc24 USB_DEVICE/Target/usbd_conf.o

.debug_str      0x0000000000000000    0x5d7b9
 .debug_str     0x0000000000000000    0x53fc9 Core/Src/adc.o
                                      0x5430f (size before relaxing)
 .debug_str     0x0000000000053fc9       0x46 Core/Src/gpio.o
                                      0x53c6a (size before relaxing)
 .debug_str     0x000000000005400f     0x5630 Core/Src/main.o
                                      0x59647 (size before relaxing)
 .debug_str     0x000000000005963f       0x5a Core/Src/stm32f1xx_hal_msp.o
                                      0x53c22 (size before relaxing)
 .debug_str     0x0000000000059699      0x385 Core/Src/stm32f1xx_it.o
                                      0x54272 (size before relaxing)
 .debug_str     0x0000000000059a1e       0xc2 Core/Src/system_stm32f1xx.o
                                      0x53c0b (size before relaxing)
 .debug_str     0x0000000000059ae0      0x120 Core/Src/tim.o
                                      0x54152 (size before relaxing)
 .debug_str     0x0000000000059c00       0x6b Core/Src/usart.o
                                      0x54050 (size before relaxing)
 .debug_str     0x0000000000059c6b       0x36 Core/Startup/startup_stm32f102rbtx.o
                                         0x67 (size before relaxing)
 .debug_str     0x0000000000059ca1      0x3bb Drivers/STM32F1xx_HAL_Driver/Src/stm32f1xx_hal.o
                                      0x541b3 (size before relaxing)
 .debug_str     0x000000000005a05c      0x356 Drivers/STM32F1xx_HAL_Driver/Src/stm32f1xx_hal_adc.o
                                      0x54221 (size before relaxing)
 .debug_str     0x000000000005a3b2      0x18c Drivers/STM32F1xx_HAL_Driver/Src/stm32f1xx_hal_adc_ex.o
                                      0x54121 (size before relaxing)
 .debug_str     0x000000000005a53e      0x2a0 Drivers/STM32F1xx_HAL_Driver/Src/stm32f1xx_hal_cortex.o
                                      0x541c1 (size before relaxing)
 .debug_str     0x000000000005a7de      0x324 Drivers/STM32F1xx_HAL_Driver/Src/stm32f1xx_hal_gpio.o
                                      0x53f55 (size before relaxing)
 .debug_str     0x000000000005ab02      0x3af Drivers/STM32F1xx_HAL_Driver/Src/stm32f1xx_hal_pcd.o
                                      0x5423c (size before relaxing)
 .debug_str     0x000000000005aeb1      0x18d Drivers/STM32F1xx_HAL_Driver/Src/stm32f1xx_hal_pcd_ex.o
                                      0x54018 (size before relaxing)
 .debug_str     0x000000000005b03e      0x263 Drivers/STM32F1xx_HAL_Driver/Src/stm32f1xx_hal_rcc.o
                                      0x53f8e (size before relaxing)
 .debug_str     0x000000000005b2a1       0xb9 Drivers/STM32F1xx_HAL_Driver/Src/stm32f1xx_hal_rcc_ex.o
                                      0x53d1b (size before relaxing)
 .debug_str     0x000000000005b35a      0xd55 Drivers/STM32F1xx_HAL_Driver/Src/stm32f1xx_hal_tim.o
                                      0x54d59 (size before relaxing)
 .debug_str     0x000000000005c0af      0x52f Drivers/STM32F1xx_HAL_Driver/Src/stm32f1xx_hal_tim_ex.o
                                      0x54559 (size before relaxing)
 .debug_str     0x000000000005c5de      0x51c Drivers/STM32F1xx_HAL_Driver/Src/stm32f1xx_hal_uart.o
                                      0x5447d (size before relaxing)
 .debug_str     0x000000000005cafa      0x2f8 Drivers/STM32F1xx_HAL_Driver/Src/stm32f1xx_ll_usb.o
                                      0x54082 (size before relaxing)
 .debug_str     0x000000000005cdf2      0x25a Middlewares/ST/STM32_USB_Device_Library/Class/HID/Src/usbd_hid.o
                                      0x58f08 (size before relaxing)
 .debug_str     0x000000000005d04c      0x1a2 Middlewares/ST/STM32_USB_Device_Library/Core/Src/usbd_core.o
                                      0x58d11 (size before relaxing)
 .debug_str     0x000000000005d1ee      0x12f Middlewares/ST/STM32_USB_Device_Library/Core/Src/usbd_ctlreq.o
                                      0x58c97 (size before relaxing)
 .debug_str     0x000000000005d31d       0xc9 Middlewares/ST/STM32_USB_Device_Library/Core/Src/usbd_ioreq.o
                                      0x58c1f (size before relaxing)
 .debug_str     0x000000000005d3e6       0x32 USB_DEVICE/App/usb_device.o
                                      0x58d8b (size before relaxing)
 .debug_str     0x000000000005d418      0x258 USB_DEVICE/App/usbd_desc.o
                                      0x58b8a (size before relaxing)
 .debug_str     0x000000000005d670      0x149 USB_DEVICE/Target/usbd_conf.o
                                      0x59657 (size before relaxing)

.comment        0x0000000000000000       0x7b
 .comment       0x0000000000000000       0x7b Core/Src/adc.o
                                         0x7c (size before relaxing)
 .comment       0x000000000000007b       0x7c Core/Src/gpio.o
 .comment       0x000000000000007b       0x7c Core/Src/main.o
 .comment       0x000000000000007b       0x7c Core/Src/stm32f1xx_hal_msp.o
 .comment       0x000000000000007b       0x7c Core/Src/stm32f1xx_it.o
 .comment       0x000000000000007b       0x7c Core/Src/system_stm32f1xx.o
 .comment       0x000000000000007b       0x7c Core/Src/tim.o
 .comment       0x000000000000007b       0x7c Core/Src/usart.o
 .comment       0x000000000000007b       0x7c Drivers/STM32F1xx_HAL_Driver/Src/stm32f1xx_hal.o
 .comment       0x000000000000007b       0x7c Drivers/STM32F1xx_HAL_Driver/Src/stm32f1xx_hal_adc.o
 .comment       0x000000000000007b       0x7c Drivers/STM32F1xx_HAL_Driver/Src/stm32f1xx_hal_adc_ex.o
 .comment       0x000000000000007b       0x7c Drivers/STM32F1xx_HAL_Driver/Src/stm32f1xx_hal_cortex.o
 .comment       0x000000000000007b       0x7c Drivers/STM32F1xx_HAL_Driver/Src/stm32f1xx_hal_gpio.o
 .comment       0x000000000000007b       0x7c Drivers/STM32F1xx_HAL_Driver/Src/stm32f1xx_hal_pcd.o
 .comment       0x000000000000007b       0x7c Drivers/STM32F1xx_HAL_Driver/Src/stm32f1xx_hal_pcd_ex.o
 .comment       0x000000000000007b       0x7c Drivers/STM32F1xx_HAL_Driver/Src/stm32f1xx_hal_rcc.o
 .comment       0x000000000000007b       0x7c Drivers/STM32F1xx_HAL_Driver/Src/stm32f1xx_hal_rcc_ex.o
 .comment       0x000000000000007b       0x7c Drivers/STM32F1xx_HAL_Driver/Src/stm32f1xx_hal_tim.o
 .comment       0x000000000000007b       0x7c Drivers/STM32F1xx_HAL_Driver/Src/stm32f1xx_hal_tim_ex.o
 .comment       0x000000000000007b       0x7c Drivers/STM32F1xx_HAL_Driver/Src/stm32f1xx_hal_uart.o
 .comment       0x000000000000007b       0x7c Drivers/STM32F1xx_HAL_Driver/Src/stm32f1xx_ll_usb.o
 .comment       0x000000000000007b       0x7c Middlewares/ST/STM32_USB_Device_Library/Class/HID/Src/usbd_hid.o
 .comment       0x000000000000007b       0x7c Middlewares/ST/STM32_USB_Device_Library/Core/Src/usbd_core.o
 .comment       0x000000000000007b       0x7c Middlewares/ST/STM32_USB_Device_Library/Core/Src/usbd_ctlreq.o
 .comment       0x000000000000007b       0x7c Middlewares/ST/STM32_USB_Device_Library/Core/Src/usbd_ioreq.o
 .comment       0x000000000000007b       0x7c USB_DEVICE/App/usb_device.o
 .comment       0x000000000000007b       0x7c USB_DEVICE/App/usbd_desc.o
 .comment       0x000000000000007b       0x7c USB_DEVICE/Target/usbd_conf.o

.debug_frame    0x0000000000000000     0x4c7c
 .debug_frame   0x0000000000000000       0x7c Core/Src/adc.o
 .debug_frame   0x000000000000007c       0x34 Core/Src/gpio.o
 .debug_frame   0x00000000000000b0       0x98 Core/Src/main.o
 .debug_frame   0x0000000000000148       0x38 Core/Src/stm32f1xx_hal_msp.o
 .debug_frame   0x0000000000000180      0x144 Core/Src/stm32f1xx_it.o
 .debug_frame   0x00000000000002c4       0x58 Core/Src/system_stm32f1xx.o
 .debug_frame   0x000000000000031c       0x7c Core/Src/tim.o
 .debug_frame   0x0000000000000398       0x90 Core/Src/usart.o
 .debug_frame   0x0000000000000428      0x334 Drivers/STM32F1xx_HAL_Driver/Src/stm32f1xx_hal.o
 .debug_frame   0x000000000000075c      0x40c Drivers/STM32F1xx_HAL_Driver/Src/stm32f1xx_hal_adc.o
 .debug_frame   0x0000000000000b68      0x16c Drivers/STM32F1xx_HAL_Driver/Src/stm32f1xx_hal_adc_ex.o
 .debug_frame   0x0000000000000cd4      0x428 Drivers/STM32F1xx_HAL_Driver/Src/stm32f1xx_hal_cortex.o
 .debug_frame   0x00000000000010fc      0x14c Drivers/STM32F1xx_HAL_Driver/Src/stm32f1xx_hal_gpio.o
 .debug_frame   0x0000000000001248      0x500 Drivers/STM32F1xx_HAL_Driver/Src/stm32f1xx_hal_pcd.o
 .debug_frame   0x0000000000001748       0xb0 Drivers/STM32F1xx_HAL_Driver/Src/stm32f1xx_hal_pcd_ex.o
 .debug_frame   0x00000000000017f8      0x21c Drivers/STM32F1xx_HAL_Driver/Src/stm32f1xx_hal_rcc.o
 .debug_frame   0x0000000000001a14       0x84 Drivers/STM32F1xx_HAL_Driver/Src/stm32f1xx_hal_rcc_ex.o
 .debug_frame   0x0000000000001a98     0x10e8 Drivers/STM32F1xx_HAL_Driver/Src/stm32f1xx_hal_tim.o
 .debug_frame   0x0000000000002b80      0x5c0 Drivers/STM32F1xx_HAL_Driver/Src/stm32f1xx_hal_tim_ex.o
 .debug_frame   0x0000000000003140      0x834 Drivers/STM32F1xx_HAL_Driver/Src/stm32f1xx_hal_uart.o
 .debug_frame   0x0000000000003974      0x4d8 Drivers/STM32F1xx_HAL_Driver/Src/stm32f1xx_ll_usb.o
 .debug_frame   0x0000000000003e4c      0x190 Middlewares/ST/STM32_USB_Device_Library/Class/HID/Src/usbd_hid.o
 .debug_frame   0x0000000000003fdc      0x300 Middlewares/ST/STM32_USB_Device_Library/Core/Src/usbd_core.o
 .debug_frame   0x00000000000042dc      0x218 Middlewares/ST/STM32_USB_Device_Library/Core/Src/usbd_ctlreq.o
 .debug_frame   0x00000000000044f4      0x10c Middlewares/ST/STM32_USB_Device_Library/Core/Src/usbd_ioreq.o
 .debug_frame   0x0000000000004600       0x2c USB_DEVICE/App/usb_device.o
 .debug_frame   0x000000000000462c      0x160 USB_DEVICE/App/usbd_desc.o
 .debug_frame   0x000000000000478c      0x4a4 USB_DEVICE/Target/usbd_conf.o
 .debug_frame   0x0000000000004c30       0x2c c:/st/stm32cubeide_1.3.0/stm32cubeide/plugins/com.st.stm32cube.ide.mcu.externaltools.gnu-tools-for-stm32.7-2018-q2-update.win32_1.0.0.201904181610/tools/bin/../lib/gcc/arm-none-eabi/7.3.1/../../../../arm-none-eabi/lib/thumb/v7-m\libc_nano.a(lib_a-init.o)
 .debug_frame   0x0000000000004c5c       0x20 c:/st/stm32cubeide_1.3.0/stm32cubeide/plugins/com.st.stm32cube.ide.mcu.externaltools.gnu-tools-for-stm32.7-2018-q2-update.win32_1.0.0.201904181610/tools/bin/../lib/gcc/arm-none-eabi/7.3.1/../../../../arm-none-eabi/lib/thumb/v7-m\libc_nano.a(lib_a-memset.o)
